

================================================================
USER-DEFINED SUBROUTINES

mlr --opprint --from ./reg_test/input/abixy head -n 5 then put 
    subr s(n) {
        print "n = " . n;
        if (is_numeric(n)) {
            if (n > 0) {
                call s(n-1)
            }
        }
    }
    print "";
    call s(NR)


n = 1
n = 0

n = 2
n = 1
n = 0

n = 3
n = 2
n = 1
n = 0

n = 4
n = 3
n = 2
n = 1
n = 0

n = 5
n = 4
n = 3
n = 2
n = 1
n = 0
a   b   i x                   y
pan pan 1 0.3467901443380824  0.7268028627434533
eks pan 2 0.7586799647899636  0.5221511083334797
wye wye 3 0.20460330576630303 0.33831852551664776
eks wye 4 0.38139939387114097 0.13418874328430463
wye pan 5 0.5732889198020006  0.8636244699032729

