
mlr --from ./reg-test/input/s.dkvp --idkvp --opprint put $z = {"a":$a,"b":$b,"i":$i,"x":$x,"y":$y}["b"]
a   b   i x                   y                   z
pan pan 1 0.3467901443380824  0.7268028627434533  pan
eks pan 2 0.7586799647899636  0.5221511083334797  pan
wye wye 3 0.20460330576630303 0.33831852551664776 wye
eks wye 4 0.38139939387114097 0.13418874328430463 wye

mlr --from ./reg-test/input/s.dkvp --from ./reg-test/input/t.dkvp --ojson put $z=[1,2,[NR,[FILENAME,5],$x*$y]]
{
  "a": "pan",
  "b": "pan",
  "i": 1,
  "x": 0.3467901443380824,
  "y": 0.7268028627434533,
  "z": [
    1,
    2,
    [
      1,
      ["./reg-test/input/s.dkvp", 5],
      0.2520480696761337
    ]
  ]
}
{
  "a": "eks",
  "b": "pan",
  "i": 2,
  "x": 0.7586799647899636,
  "y": 0.5221511083334797,
  "z": [
    1,
    2,
    [
      2,
      ["./reg-test/input/s.dkvp", 5],
      0.3961455844854848
    ]
  ]
}
{
  "a": "wye",
  "b": "wye",
  "i": 3,
  "x": 0.20460330576630303,
  "y": 0.33831852551664776,
  "z": [
    1,
    2,
    [
      3,
      ["./reg-test/input/s.dkvp", 5],
      0.06922108872268748
    ]
  ]
}
{
  "a": "eks",
  "b": "wye",
  "i": 4,
  "x": 0.38139939387114097,
  "y": 0.13418874328430463,
  "z": [
    1,
    2,
    [
      4,
      ["./reg-test/input/s.dkvp", 5],
      0.05117950535296393
    ]
  ]
}
{
  "a": "wye",
  "b": "pan",
  "i": 5,
  "x": 0.5732889198020006,
  "y": 0.8636244699032729,
  "z": [
    1,
    2,
    [
      5,
      ["./reg-test/input/t.dkvp", 5],
      0.4951063394654227
    ]
  ]
}
{
  "a": "zee",
  "b": "pan",
  "i": 6,
  "x": 0.5271261600918548,
  "y": 0.49322128674835697,
  "z": [
    1,
    2,
    [
      6,
      ["./reg-test/input/t.dkvp", 5],
      0.259989842959225
    ]
  ]
}
{
  "a": "eks",
  "b": "zee",
  "i": 7,
  "x": 0.6117840605678454,
  "y": 0.1878849191181694,
  "z": [
    1,
    2,
    [
      7,
      ["./reg-test/input/t.dkvp", 5],
      0.11494499873757488
    ]
  ]
}

mlr --from ./reg-test/input/s.dkvp --idkvp --ojson put $z = $*["a"]
{
  "a": "pan",
  "b": "pan",
  "i": 1,
  "x": 0.3467901443380824,
  "y": 0.7268028627434533,
  "z": "pan"
}
{
  "a": "eks",
  "b": "pan",
  "i": 2,
  "x": 0.7586799647899636,
  "y": 0.5221511083334797,
  "z": "eks"
}
{
  "a": "wye",
  "b": "wye",
  "i": 3,
  "x": 0.20460330576630303,
  "y": 0.33831852551664776,
  "z": "wye"
}
{
  "a": "eks",
  "b": "wye",
  "i": 4,
  "x": 0.38139939387114097,
  "y": 0.13418874328430463,
  "z": "eks"
}

mlr --from ./reg-test/input/s.dkvp --idkvp --ojson put $z = $*
{
  "a": "pan",
  "b": "pan",
  "i": 1,
  "x": 0.3467901443380824,
  "y": 0.7268028627434533,
  "z": {
    "a": "pan",
    "b": "pan",
    "i": 1,
    "x": 0.3467901443380824,
    "y": 0.7268028627434533
  }
}
{
  "a": "eks",
  "b": "pan",
  "i": 2,
  "x": 0.7586799647899636,
  "y": 0.5221511083334797,
  "z": {
    "a": "eks",
    "b": "pan",
    "i": 2,
    "x": 0.7586799647899636,
    "y": 0.5221511083334797
  }
}
{
  "a": "wye",
  "b": "wye",
  "i": 3,
  "x": 0.20460330576630303,
  "y": 0.33831852551664776,
  "z": {
    "a": "wye",
    "b": "wye",
    "i": 3,
    "x": 0.20460330576630303,
    "y": 0.33831852551664776
  }
}
{
  "a": "eks",
  "b": "wye",
  "i": 4,
  "x": 0.38139939387114097,
  "y": 0.13418874328430463,
  "z": {
    "a": "eks",
    "b": "wye",
    "i": 4,
    "x": 0.38139939387114097,
    "y": 0.13418874328430463
  }
}

mlr --from ./reg-test/input/s.dkvp --idkvp --ojson put $* = {"s": 7, "t": 8}
{
  "s": 7,
  "t": 8
}
{
  "s": 7,
  "t": 8
}
{
  "s": 7,
  "t": 8
}
{
  "s": 7,
  "t": 8
}

mlr --from ./reg-test/input/s.dkvp --idkvp --ojson put $*["st"] = 78
{
  "a": "pan",
  "b": "pan",
  "i": 1,
  "x": 0.3467901443380824,
  "y": 0.7268028627434533,
  "st": 78
}
{
  "a": "eks",
  "b": "pan",
  "i": 2,
  "x": 0.7586799647899636,
  "y": 0.5221511083334797,
  "st": 78
}
{
  "a": "wye",
  "b": "wye",
  "i": 3,
  "x": 0.20460330576630303,
  "y": 0.33831852551664776,
  "st": 78
}
{
  "a": "eks",
  "b": "wye",
  "i": 4,
  "x": 0.38139939387114097,
  "y": 0.13418874328430463,
  "st": 78
}

mlr --from ./reg-test/input/s.dkvp --idkvp --ojson put $*["a"] = 78
{
  "a": 78,
  "b": "pan",
  "i": 1,
  "x": 0.3467901443380824,
  "y": 0.7268028627434533
}
{
  "a": 78,
  "b": "pan",
  "i": 2,
  "x": 0.7586799647899636,
  "y": 0.5221511083334797
}
{
  "a": 78,
  "b": "wye",
  "i": 3,
  "x": 0.20460330576630303,
  "y": 0.33831852551664776
}
{
  "a": 78,
  "b": "wye",
  "i": 4,
  "x": 0.38139939387114097,
  "y": 0.13418874328430463
}

mlr --from ./reg-test/input/s.dkvp --idkvp --ojson put $*["a"] = {}
{
  "a": {},
  "b": "pan",
  "i": 1,
  "x": 0.3467901443380824,
  "y": 0.7268028627434533
}
{
  "a": {},
  "b": "pan",
  "i": 2,
  "x": 0.7586799647899636,
  "y": 0.5221511083334797
}
{
  "a": {},
  "b": "wye",
  "i": 3,
  "x": 0.20460330576630303,
  "y": 0.33831852551664776
}
{
  "a": {},
  "b": "wye",
  "i": 4,
  "x": 0.38139939387114097,
  "y": 0.13418874328430463
}

mlr --from ./reg-test/input/s.dkvp --idkvp --opprint put -v $new = $["a"]
DSL EXPRESSION:
$new = $["a"]
AST:
* statement block
    * assignment "="
        * direct field value "new"
        * indirect field value "$[]"
            * string literal "a"

a   b   i x                   y                   new
pan pan 1 0.3467901443380824  0.7268028627434533  pan
eks pan 2 0.7586799647899636  0.5221511083334797  eks
wye wye 3 0.20460330576630303 0.33831852551664776 wye
eks wye 4 0.38139939387114097 0.13418874328430463 eks

mlr --from ./reg-test/input/s.dkvp --idkvp --opprint put -v $["new"] = $a
DSL EXPRESSION:
$["new"] = $a
AST:
* statement block
    * assignment "="
        * indirect field value "$[]"
            * string literal "new"
        * direct field value "a"

a   b   i x                   y                   new
pan pan 1 0.3467901443380824  0.7268028627434533  pan
eks pan 2 0.7586799647899636  0.5221511083334797  eks
wye wye 3 0.20460330576630303 0.33831852551664776 wye
eks wye 4 0.38139939387114097 0.13418874328430463 eks

mlr --from ./reg-test/input/s.dkvp --idkvp --opprint put -v ${new} = $a . $b
DSL EXPRESSION:
${new} = $a . $b
AST:
* statement block
    * assignment "="
        * direct field value "new"
        * operator "."
            * direct field value "a"
            * direct field value "b"

a   b   i x                   y                   new
pan pan 1 0.3467901443380824  0.7268028627434533  panpan
eks pan 2 0.7586799647899636  0.5221511083334797  ekspan
wye wye 3 0.20460330576630303 0.33831852551664776 wyewye
eks wye 4 0.38139939387114097 0.13418874328430463 ekswye

mlr --from ./reg-test/input/s.dkvp --idkvp --opprint put -v $new = ${a} . ${b}
DSL EXPRESSION:
$new = ${a} . ${b}
AST:
* statement block
    * assignment "="
        * direct field value "new"
        * operator "."
            * direct field value "a"
            * direct field value "b"

a   b   i x                   y                   new
pan pan 1 0.3467901443380824  0.7268028627434533  panpan
eks pan 2 0.7586799647899636  0.5221511083334797  ekspan
wye wye 3 0.20460330576630303 0.33831852551664776 wyewye
eks wye 4 0.38139939387114097 0.13418874328430463 ekswye

mlr --from ./reg-test/input/s.dkvp --idkvp --opprint put @tmp = $a . $b; $ab = @tmp
a   b   i x                   y                   ab
pan pan 1 0.3467901443380824  0.7268028627434533  panpan
eks pan 2 0.7586799647899636  0.5221511083334797  ekspan
wye wye 3 0.20460330576630303 0.33831852551664776 wyewye
eks wye 4 0.38139939387114097 0.13418874328430463 ekswye

mlr --ojson --from ./reg-test/input/s.dkvp put @curi=$i; $curi = @curi; $lagi=@lagi; @lagi=$i
{
  "a": "pan",
  "b": "pan",
  "i": 1,
  "x": 0.3467901443380824,
  "y": 0.7268028627434533,
  "curi": 1
}
{
  "a": "eks",
  "b": "pan",
  "i": 2,
  "x": 0.7586799647899636,
  "y": 0.5221511083334797,
  "curi": 2,
  "lagi": 1
}
{
  "a": "wye",
  "b": "wye",
  "i": 3,
  "x": 0.20460330576630303,
  "y": 0.33831852551664776,
  "curi": 3,
  "lagi": 2
}
{
  "a": "eks",
  "b": "wye",
  "i": 4,
  "x": 0.38139939387114097,
  "y": 0.13418874328430463,
  "curi": 4,
  "lagi": 3
}

mlr --from ./reg-test/input/s.dkvp --ojson put $z["abc"]["def"]["ghi"]=NR
{
  "a": "pan",
  "b": "pan",
  "i": 1,
  "x": 0.3467901443380824,
  "y": 0.7268028627434533,
  "z": {
    "abc": {
      "def": {
        "ghi": 1
      }
    }
  }
}
{
  "a": "eks",
  "b": "pan",
  "i": 2,
  "x": 0.7586799647899636,
  "y": 0.5221511083334797,
  "z": {
    "abc": {
      "def": {
        "ghi": 2
      }
    }
  }
}
{
  "a": "wye",
  "b": "wye",
  "i": 3,
  "x": 0.20460330576630303,
  "y": 0.33831852551664776,
  "z": {
    "abc": {
      "def": {
        "ghi": 3
      }
    }
  }
}
{
  "a": "eks",
  "b": "wye",
  "i": 4,
  "x": 0.38139939387114097,
  "y": 0.13418874328430463,
  "z": {
    "abc": {
      "def": {
        "ghi": 4
      }
    }
  }
}

mlr --json put $a=$a[2]["b"][1] ./reg-test/input/nested.json
{
  "a": (error),
  "b": "c"
}

