
mlr --from ./reg-test/input/s.dkvp --opprint put $z = max($x,$y)
a   b   i x                   y                   z
pan pan 1 0.3467901443380824  0.7268028627434533  0.7268028627434533
eks pan 2 0.7586799647899636  0.5221511083334797  0.7586799647899636
wye wye 3 0.20460330576630303 0.33831852551664776 0.33831852551664776
eks wye 4 0.38139939387114097 0.13418874328430463 0.38139939387114097

mlr --from ./reg-test/input/s.dkvp --opprint put $z = min($x,$y,$i)
a   b   i x                   y                   z
pan pan 1 0.3467901443380824  0.7268028627434533  0.3467901443380824
eks pan 2 0.7586799647899636  0.5221511083334797  0.5221511083334797
wye wye 3 0.20460330576630303 0.33831852551664776 0.20460330576630303
eks wye 4 0.38139939387114097 0.13418874328430463 0.13418874328430463

mlr --from ./reg-test/input/s.dkvp --opprint put $z = abs($x)
a   b   i x                   y                   z
pan pan 1 0.3467901443380824  0.7268028627434533  0.3467901443380824
eks pan 2 0.7586799647899636  0.5221511083334797  0.7586799647899636
wye wye 3 0.20460330576630303 0.33831852551664776 0.20460330576630303
eks wye 4 0.38139939387114097 0.13418874328430463 0.38139939387114097

mlr --from ./reg-test/input/s.dkvp --opprint put $c = cos(2*M_PI*NR/32); $s = sin(2*M_PI*NR/32)
a   b   i x                   y                   c                  s
pan pan 1 0.3467901443380824  0.7268028627434533  0.9807852804032304 0.19509032201612825
eks pan 2 0.7586799647899636  0.5221511083334797  0.9238795325112867 0.3826834323650898
wye wye 3 0.20460330576630303 0.33831852551664776 0.8314696123025453 0.5555702330196022
eks wye 4 0.38139939387114097 0.13418874328430463 0.7071067811865476 0.7071067811865475

mlr --from ./reg-test/input/ten.dkvp --opprint put $si = sgn($i-5); $sy = sgn($y); $t = atan2($y, $x); $p = $x ** $y; $q = pow($x, $y)
a   b   i  x                   y                    si sy t                    p                  q
pan pan 1  0.3467901443380824  0.7268028627434533   -1 1  1.1255995510333539   0.4631473619261526 0.4631473619261526
eks pan 2  0.7586799647899636  -0.5221511083334797  -1 -1 -0.6027871699344853  1.1551211264873846 1.1551211264873846
wye wye 3  0.20460330576630303 0.33831852551664776  -1 1  1.0268802920691755   0.5846136919620066 0.5846136919620066
eks wye 4  0.38139939387114097 -0.13418874328430463 -1 -1 -0.33830649813801494 1.1380834081526752 1.1380834081526752
wye pan 5  0.5732889198020006  0.8636244699032729   0  1  0.9847689117669631   0.6184797483156721 0.6184797483156721
zee pan 6  0.5271261600918548  -0.49322128674835697 1  -1 -0.752181632087474   1.3713795017520802 1.3713795017520802
eks zee 7  0.6117840605678454  0.1878849191181694   1  1  0.29796677355408147  0.9118113882685376 0.9118113882685376
zee wye 8  0.5985540091064224  0.976181385699006    1  1  1.0207575283655996   0.6059160178097924 0.6059160178097924
hat wye 9  0.03144187646093577 -0.7495507603507059  1  -1 -1.5288732765845843  13.371917192501371 13.371917192501371
pan wye 10 0.5026260055412137  0.9526183602969864   1  1  1.085293123829       0.5192786401854397 0.5192786401854397

mlr --opprint --from ./reg-test/input/ten.dkvp put $q = qnorm(-5 + $i); $r = 5 + invqnorm($q)
a   b   i  x                   y                    q                     r
pan pan 1  0.3467901443380824  0.7268028627434533   3.167124183311997e-05 1.00000000916513
eks pan 2  0.7586799647899636  -0.5221511083334797  0.0013498980316300957 2.000000000000473
wye wye 3  0.20460330576630303 0.33831852551664776  0.02275013194817922   3.0000000000695284
eks wye 4  0.38139939387114097 -0.13418874328430463 0.15865525393145707   4.000000000084243
wye pan 5  0.5732889198020006  0.8636244699032729   0.5                   5
zee pan 6  0.5271261600918548  -0.49322128674835697 0.8413447460685429    5.999999999915757
eks zee 7  0.6117840605678454  0.1878849191181694   0.9772498680518208    6.999999999930472
zee wye 8  0.5985540091064224  0.976181385699006    0.9986501019683699    7.999999999999525
hat wye 9  0.03144187646093577 -0.7495507603507059  0.9999683287581669    8.99999999083447
pan wye 10 0.5026260055412137  0.9526183602969864   0.9999997133484281    9.999996478790521

mlr --opprint --from ./reg-test/input/ten.dkvp put 
  $r2 = roundm($i + $x, 2.0);
  $r4 = roundm($i + $x, 4.0);

a   b   i  x                   y                    r2 r4
pan pan 1  0.3467901443380824  0.7268028627434533   2  0
eks pan 2  0.7586799647899636  -0.5221511083334797  2  4
wye wye 3  0.20460330576630303 0.33831852551664776  4  4
eks wye 4  0.38139939387114097 -0.13418874328430463 4  4
wye pan 5  0.5732889198020006  0.8636244699032729   6  4
zee pan 6  0.5271261600918548  -0.49322128674835697 6  8
eks zee 7  0.6117840605678454  0.1878849191181694   8  8
zee wye 8  0.5985540091064224  0.976181385699006    8  8
hat wye 9  0.03144187646093577 -0.7495507603507059  10 8
pan wye 10 0.5026260055412137  0.9526183602969864   10 12

mlr --opprint --from ./reg-test/input/ten.dkvp put $z=logifit($i,$x,$y)
a   b   i  x                   y                    z
pan pan 1  0.3467901443380824  0.7268028627434533   0.7452796057147444
eks pan 2  0.7586799647899636  -0.5221511083334797  0.7301155335253231
wye wye 3  0.20460330576630303 0.33831852551664776  0.721543023547841
eks wye 4  0.38139939387114097 -0.13418874328430463 0.800817059942983
wye pan 5  0.5732889198020006  0.8636244699032729   0.9765709126864932
zee pan 6  0.5271261600918548  -0.49322128674835697 0.935204900445557
eks zee 7  0.6117840605678454  0.1878849191181694   0.9886864189214251
zee wye 8  0.5985540091064224  0.976181385699006    0.9968731999862399
hat wye 9  0.03144187646093577 -0.7495507603507059  0.38542748201472576
pan wye 10 0.5026260055412137  0.9526183602969864   0.9974747289629792

mlr --from ./reg-test/input/ten.dkvp --opprint put $nx = bitcount($x); $ni = bitcount($i)
a   b   i  x                   y                    nx      ni
pan pan 1  0.3467901443380824  0.7268028627434533   (error) 1
eks pan 2  0.7586799647899636  -0.5221511083334797  (error) 1
wye wye 3  0.20460330576630303 0.33831852551664776  (error) 2
eks wye 4  0.38139939387114097 -0.13418874328430463 (error) 1
wye pan 5  0.5732889198020006  0.8636244699032729   (error) 2
zee pan 6  0.5271261600918548  -0.49322128674835697 (error) 2
eks zee 7  0.6117840605678454  0.1878849191181694   (error) 3
zee wye 8  0.5985540091064224  0.976181385699006    (error) 1
hat wye 9  0.03144187646093577 -0.7495507603507059  (error) 2
pan wye 10 0.5026260055412137  0.9526183602969864   (error) 2

