
mlr --inidx --ifs comma altkv


a=b,c=d,e=f

mlr --inidx --ifs comma altkv


a=b,c=d,e=f,4=g

