
mlr --csvlite put $gmt = sec2gmt($sec) ./reg-test/input/sec2gmt
n,sec,gmt
1,0,1970-01-01T00:00:00Z
2,1,1970-01-01T00:00:01Z
3,10,1970-01-01T00:00:10Z
4,100,1970-01-01T00:01:40Z
5,1000,1970-01-01T00:16:40Z
6,10000,1970-01-01T02:46:40Z
7,100000,1970-01-02T03:46:40Z
8,1000000,1970-01-12T13:46:40Z
9,10000000,1970-04-26T17:46:40Z
10,100000000,1973-03-03T09:46:40Z
11,1000000000,2001-09-09T01:46:40Z
12,1432036180,2015-05-19T11:49:40Z
13,1500000000,2017-07-14T02:40:00Z
14,2000000000,2033-05-18T03:33:20Z
15,2000000000.,2033-05-18T03:33:20Z
16,2000000000.0,2033-05-18T03:33:20Z
17,2000000000.00,2033-05-18T03:33:20Z
18,2000000000.123400,2033-05-18T03:33:20Z
19,2000000000.123456,2033-05-18T03:33:20Z
20,2000000000.999,2033-05-18T03:33:20Z
21,2000000000.999999,2033-05-18T03:33:20Z
22,2000000000.999999999,2033-05-18T03:33:21Z
23,,
24,x,x
25,123x,123x

mlr --csvlite put $gmt = sec2gmt($sec,1) ./reg-test/input/sec2gmt
n,sec,gmt
1,0,1970-01-01T00:00:00.0Z
2,1,1970-01-01T00:00:01.0Z
3,10,1970-01-01T00:00:10.0Z
4,100,1970-01-01T00:01:40.0Z
5,1000,1970-01-01T00:16:40.0Z
6,10000,1970-01-01T02:46:40.0Z
7,100000,1970-01-02T03:46:40.0Z
8,1000000,1970-01-12T13:46:40.0Z
9,10000000,1970-04-26T17:46:40.0Z
10,100000000,1973-03-03T09:46:40.0Z
11,1000000000,2001-09-09T01:46:40.0Z
12,1432036180,2015-05-19T11:49:40.0Z
13,1500000000,2017-07-14T02:40:00.0Z
14,2000000000,2033-05-18T03:33:20.0Z
15,2000000000.,2033-05-18T03:33:20.0Z
16,2000000000.0,2033-05-18T03:33:20.0Z
17,2000000000.00,2033-05-18T03:33:20.0Z
18,2000000000.123400,2033-05-18T03:33:20.1Z
19,2000000000.123456,2033-05-18T03:33:20.1Z
20,2000000000.999,2033-05-18T03:33:20.9Z
21,2000000000.999999,2033-05-18T03:33:20.9Z
22,2000000000.999999999,2033-05-18T03:33:21.0Z
23,,
24,x,x
25,123x,123x

mlr --csvlite put $gmt = sec2gmt($sec,3) ./reg-test/input/sec2gmt
n,sec,gmt
1,0,1970-01-01T00:00:00.000Z
2,1,1970-01-01T00:00:01.000Z
3,10,1970-01-01T00:00:10.000Z
4,100,1970-01-01T00:01:40.000Z
5,1000,1970-01-01T00:16:40.000Z
6,10000,1970-01-01T02:46:40.000Z
7,100000,1970-01-02T03:46:40.000Z
8,1000000,1970-01-12T13:46:40.000Z
9,10000000,1970-04-26T17:46:40.000Z
10,100000000,1973-03-03T09:46:40.000Z
11,1000000000,2001-09-09T01:46:40.000Z
12,1432036180,2015-05-19T11:49:40.000Z
13,1500000000,2017-07-14T02:40:00.000Z
14,2000000000,2033-05-18T03:33:20.000Z
15,2000000000.,2033-05-18T03:33:20.000Z
16,2000000000.0,2033-05-18T03:33:20.000Z
17,2000000000.00,2033-05-18T03:33:20.000Z
18,2000000000.123400,2033-05-18T03:33:20.123Z
19,2000000000.123456,2033-05-18T03:33:20.123Z
20,2000000000.999,2033-05-18T03:33:20.999Z
21,2000000000.999999,2033-05-18T03:33:20.999Z
22,2000000000.999999999,2033-05-18T03:33:21.000Z
23,,
24,x,x
25,123x,123x

mlr --csvlite put $gmt = sec2gmt($sec,6) ./reg-test/input/sec2gmt
n,sec,gmt
1,0,1970-01-01T00:00:00.000000Z
2,1,1970-01-01T00:00:01.000000Z
3,10,1970-01-01T00:00:10.000000Z
4,100,1970-01-01T00:01:40.000000Z
5,1000,1970-01-01T00:16:40.000000Z
6,10000,1970-01-01T02:46:40.000000Z
7,100000,1970-01-02T03:46:40.000000Z
8,1000000,1970-01-12T13:46:40.000000Z
9,10000000,1970-04-26T17:46:40.000000Z
10,100000000,1973-03-03T09:46:40.000000Z
11,1000000000,2001-09-09T01:46:40.000000Z
12,1432036180,2015-05-19T11:49:40.000000Z
13,1500000000,2017-07-14T02:40:00.000000Z
14,2000000000,2033-05-18T03:33:20.000000Z
15,2000000000.,2033-05-18T03:33:20.000000Z
16,2000000000.0,2033-05-18T03:33:20.000000Z
17,2000000000.00,2033-05-18T03:33:20.000000Z
18,2000000000.123400,2033-05-18T03:33:20.123400Z
19,2000000000.123456,2033-05-18T03:33:20.123456Z
20,2000000000.999,2033-05-18T03:33:20.999000Z
21,2000000000.999999,2033-05-18T03:33:20.999999Z
22,2000000000.999999999,2033-05-18T03:33:21.000000Z
23,,
24,x,x
25,123x,123x

mlr --csvlite put $sec = gmt2sec($gmt) ./reg-test/input/gmt2sec
gmt,sec
1970-01-01T00:00:00Z,0.000000
1970-01-01T00:00:00.Z,0.000000
1970-01-01T00:00:01Z,1.000000
1970-01-01T00:00:01.0Z,1.000000
1970-01-01T00:00:10Z,10.000000
1970-01-01T00:00:10.00Z,10.000000
1970-01-01T00:01:40Z,100.000000
1970-01-01T00:01:40.1Z,100.100000
1970-01-01T00:16:40Z,1000.000000
1970-01-01T00:16:40.12Z,1000.120000
1970-01-01T02:46:40Z,10000.000000
1970-01-01T02:46:40.123Z,10000.123000
1970-01-02T03:46:40Z,100000.000000
1970-01-02T03:46:40.1234Z,100000.123400
1970-01-12T13:46:40Z,1000000.000000
1970-01-12T13:46:40.12345Z,1000000.123450
1970-04-26T17:46:40Z,10000000.000000
1970-04-26T17:46:40.123456Z,10000000.123456
1973-03-03T09:46:40Z,100000000.000000
1973-03-03T09:46:40.1234567Z,100000000.123457
2001-09-09T01:46:40Z,1000000000.000000
2001-09-09T01:46:40.12345678Z,1000000000.123457
2015-05-19T11:49:40Z,1432036180.000000
2015-05-19T11:49:40.123456789Z,1432036180.123457
2017-07-14T02:40:00Z,1500000000.000000
2017-07-14T02:40:00.999Z,1500000000.999000
2033-05-18T03:33:20Z,2000000000.000000
2033-05-18T03:33:20.999999Z,2000000000.999999

mlr --csvlite put $gmtdate = sec2gmtdate($sec) ./reg-test/input/sec2gmt
n,sec,gmtdate
1,0,1970-01-01
2,1,1970-01-01
3,10,1970-01-01
4,100,1970-01-01
5,1000,1970-01-01
6,10000,1970-01-01
7,100000,1970-01-02
8,1000000,1970-01-12
9,10000000,1970-04-26
10,100000000,1973-03-03
11,1000000000,2001-09-09
12,1432036180,2015-05-19
13,1500000000,2017-07-14
14,2000000000,2033-05-18
15,2000000000.,2033-05-18
16,2000000000.0,2033-05-18
17,2000000000.00,2033-05-18
18,2000000000.123400,2033-05-18
19,2000000000.123456,2033-05-18
20,2000000000.999,2033-05-18
21,2000000000.999999,2033-05-18
22,2000000000.999999999,2033-05-18
23,,
24,x,x
25,123x,123x

mlr --icsv --opprint put $gmt = strftime($sec, "%Y-%m-%dT%H:%M:%SZ") ./reg-test/input/sec2gmt
n  sec                  gmt
1  0                    1970-01-01T00:00:00Z
2  1                    1970-01-01T00:00:01Z
3  10                   1970-01-01T00:00:10Z
4  100                  1970-01-01T00:01:40Z
5  1000                 1970-01-01T00:16:40Z
6  10000                1970-01-01T02:46:40Z
7  100000               1970-01-02T03:46:40Z
8  1000000              1970-01-12T13:46:40Z
9  10000000             1970-04-26T17:46:40Z
10 100000000            1973-03-03T09:46:40Z
11 1000000000           2001-09-09T01:46:40Z
12 1432036180           2015-05-19T11:49:40Z
13 1500000000           2017-07-14T02:40:00Z
14 2000000000           2033-05-18T03:33:20Z
15 2000000000.          2033-05-18T03:33:20Z
16 2000000000.0         2033-05-18T03:33:20Z
17 2000000000.00        2033-05-18T03:33:20Z
18 2000000000.123400    2033-05-18T03:33:20Z
19 2000000000.123456    2033-05-18T03:33:20Z
20 2000000000.999       2033-05-18T03:33:20Z
21 2000000000.999999    2033-05-18T03:33:20Z
22 2000000000.999999999 2033-05-18T03:33:21Z
23 -                    -
24 x                    (error)
25 123x                 (error)

mlr --icsv --opprint put $gmt = strftime($sec, "%Y-%m-%dT%H:%M:%1SZ") ./reg-test/input/sec2gmt
n  sec                  gmt
1  0                    1970-01-01T00:00:00.0Z
2  1                    1970-01-01T00:00:01.0Z
3  10                   1970-01-01T00:00:10.0Z
4  100                  1970-01-01T00:01:40.0Z
5  1000                 1970-01-01T00:16:40.0Z
6  10000                1970-01-01T02:46:40.0Z
7  100000               1970-01-02T03:46:40.0Z
8  1000000              1970-01-12T13:46:40.0Z
9  10000000             1970-04-26T17:46:40.0Z
10 100000000            1973-03-03T09:46:40.0Z
11 1000000000           2001-09-09T01:46:40.0Z
12 1432036180           2015-05-19T11:49:40.0Z
13 1500000000           2017-07-14T02:40:00.0Z
14 2000000000           2033-05-18T03:33:20.0Z
15 2000000000.          2033-05-18T03:33:20.0Z
16 2000000000.0         2033-05-18T03:33:20.0Z
17 2000000000.00        2033-05-18T03:33:20.0Z
18 2000000000.123400    2033-05-18T03:33:20.1Z
19 2000000000.123456    2033-05-18T03:33:20.1Z
20 2000000000.999       2033-05-18T03:33:20.9Z
21 2000000000.999999    2033-05-18T03:33:20.9Z
22 2000000000.999999999 2033-05-18T03:33:21.0Z
23 -                    -
24 x                    (error)
25 123x                 (error)

mlr --icsv --opprint put $gmt = strftime($sec, "%Y-%m-%dT%H:%M:%3SZ") ./reg-test/input/sec2gmt
n  sec                  gmt
1  0                    1970-01-01T00:00:00.000Z
2  1                    1970-01-01T00:00:01.000Z
3  10                   1970-01-01T00:00:10.000Z
4  100                  1970-01-01T00:01:40.000Z
5  1000                 1970-01-01T00:16:40.000Z
6  10000                1970-01-01T02:46:40.000Z
7  100000               1970-01-02T03:46:40.000Z
8  1000000              1970-01-12T13:46:40.000Z
9  10000000             1970-04-26T17:46:40.000Z
10 100000000            1973-03-03T09:46:40.000Z
11 1000000000           2001-09-09T01:46:40.000Z
12 1432036180           2015-05-19T11:49:40.000Z
13 1500000000           2017-07-14T02:40:00.000Z
14 2000000000           2033-05-18T03:33:20.000Z
15 2000000000.          2033-05-18T03:33:20.000Z
16 2000000000.0         2033-05-18T03:33:20.000Z
17 2000000000.00        2033-05-18T03:33:20.000Z
18 2000000000.123400    2033-05-18T03:33:20.123Z
19 2000000000.123456    2033-05-18T03:33:20.123Z
20 2000000000.999       2033-05-18T03:33:20.999Z
21 2000000000.999999    2033-05-18T03:33:20.999Z
22 2000000000.999999999 2033-05-18T03:33:21.000Z
23 -                    -
24 x                    (error)
25 123x                 (error)

mlr --icsv --opprint put $gmt = strftime($sec, "%Y-%m-%dT%H:%M:%6SZ") ./reg-test/input/sec2gmt
n  sec                  gmt
1  0                    1970-01-01T00:00:00.000000Z
2  1                    1970-01-01T00:00:01.000000Z
3  10                   1970-01-01T00:00:10.000000Z
4  100                  1970-01-01T00:01:40.000000Z
5  1000                 1970-01-01T00:16:40.000000Z
6  10000                1970-01-01T02:46:40.000000Z
7  100000               1970-01-02T03:46:40.000000Z
8  1000000              1970-01-12T13:46:40.000000Z
9  10000000             1970-04-26T17:46:40.000000Z
10 100000000            1973-03-03T09:46:40.000000Z
11 1000000000           2001-09-09T01:46:40.000000Z
12 1432036180           2015-05-19T11:49:40.000000Z
13 1500000000           2017-07-14T02:40:00.000000Z
14 2000000000           2033-05-18T03:33:20.000000Z
15 2000000000.          2033-05-18T03:33:20.000000Z
16 2000000000.0         2033-05-18T03:33:20.000000Z
17 2000000000.00        2033-05-18T03:33:20.000000Z
18 2000000000.123400    2033-05-18T03:33:20.123400Z
19 2000000000.123456    2033-05-18T03:33:20.123456Z
20 2000000000.999       2033-05-18T03:33:20.999000Z
21 2000000000.999999    2033-05-18T03:33:20.999999Z
22 2000000000.999999999 2033-05-18T03:33:21.000000Z
23 -                    -
24 x                    (error)
25 123x                 (error)

mlr --icsv --opprint put $sec = strptime($gmt, "%Y-%m-%dT%H:%M:%SZ") ./reg-test/input/gmt2sec
gmt                            sec
1970-01-01T00:00:00Z           0.000000
1970-01-01T00:00:00.Z          0.000000
1970-01-01T00:00:01Z           1.000000
1970-01-01T00:00:01.0Z         1.000000
1970-01-01T00:00:10Z           10.000000
1970-01-01T00:00:10.00Z        10.000000
1970-01-01T00:01:40Z           100.000000
1970-01-01T00:01:40.1Z         100.100000
1970-01-01T00:16:40Z           1000.000000
1970-01-01T00:16:40.12Z        1000.120000
1970-01-01T02:46:40Z           10000.000000
1970-01-01T02:46:40.123Z       10000.123000
1970-01-02T03:46:40Z           100000.000000
1970-01-02T03:46:40.1234Z      100000.123400
1970-01-12T13:46:40Z           1000000.000000
1970-01-12T13:46:40.12345Z     1000000.123450
1970-04-26T17:46:40Z           10000000.000000
1970-04-26T17:46:40.123456Z    10000000.123456
1973-03-03T09:46:40Z           100000000.000000
1973-03-03T09:46:40.1234567Z   100000000.123457
2001-09-09T01:46:40Z           1000000000.000000
2001-09-09T01:46:40.12345678Z  1000000000.123457
2015-05-19T11:49:40Z           1432036180.000000
2015-05-19T11:49:40.123456789Z 1432036180.123457
2017-07-14T02:40:00Z           1500000000.000000
2017-07-14T02:40:00.999Z       1500000000.999000
2033-05-18T03:33:20Z           2000000000.000000
2033-05-18T03:33:20.999999Z    2000000000.999999

mlr --csvlite sec2gmt sec ./reg-test/input/sec2gmt
n,sec
1,1970-01-01T00:00:00Z
2,1970-01-01T00:00:01Z
3,1970-01-01T00:00:10Z
4,1970-01-01T00:01:40Z
5,1970-01-01T00:16:40Z
6,1970-01-01T02:46:40Z
7,1970-01-02T03:46:40Z
8,1970-01-12T13:46:40Z
9,1970-04-26T17:46:40Z
10,1973-03-03T09:46:40Z
11,2001-09-09T01:46:40Z
12,2015-05-19T11:49:40Z
13,2017-07-14T02:40:00Z
14,2033-05-18T03:33:20Z
15,2033-05-18T03:33:20Z
16,2033-05-18T03:33:20Z
17,2033-05-18T03:33:20Z
18,2033-05-18T03:33:20Z
19,2033-05-18T03:33:20Z
20,2033-05-18T03:33:20Z
21,2033-05-18T03:33:20Z
22,2033-05-18T03:33:21Z
23,
24,x
25,123x

mlr --opprint put $hms=sec2hms($sec);   $resec=hms2sec($hms);   $diff=$resec-$sec ./reg-test/input/sec2xhms
sec     hms        resec   diff
0       00:00:00   0       0
1       00:00:01   1       0
59      00:00:59   59      0
60      00:01:00   60      0
61      00:01:01   61      0
3599    00:59:59   3599    0
3600    01:00:00   3600    0
3601    01:00:01   3601    0
86399   23:59:59   86399   0
86400   24:00:00   86400   0
86401   24:00:01   86401   0
863999  239:59:59  863999  0
864000  240:00:00  864000  0
864001  240:00:01  864001  0
-1      -00:00:01  -1      0
-59     -00:00:59  -59     0
-60     -00:01:00  -60     0
-61     -00:01:01  -61     0
-3599   -00:59:59  -3599   0
-3600   -01:00:00  -3600   0
-3601   -01:00:01  -3601   0
-86399  -23:59:59  -86399  0
-86400  -24:00:00  -86400  0
-86401  -24:00:01  -86401  0
-863999 -239:59:59 -863999 0
-864000 -240:00:00 -864000 0
-864001 -240:00:01 -864001 0

mlr --opprint put $hms=fsec2hms($sec);  $resec=hms2fsec($hms);  $diff=$resec-$sec ./reg-test/input/fsec2xhms
sec        hms               resec          diff
0.25       0:00:00.250000    0.250000       0.000000
1.25       0:00:01.250000    1.250000       0.000000
59.25      0:00:59.250000    59.250000      0.000000
60.25      0:01:00.250000    60.250000      0.000000
61.25      0:01:01.250000    61.250000      0.000000
3599.25    0:59:59.250000    3599.250000    0.000000
3600.25    1:00:00.250000    3600.250000    0.000000
3601.25    1:00:01.250000    3601.250000    0.000000
86399.25   23:59:59.250000   86399.250000   0.000000
86400.25   24:00:00.250000   86400.250000   0.000000
86401.25   24:00:01.250000   86401.250000   0.000000
863999.25  239:59:59.250000  863999.250000  0.000000
864000.25  240:00:00.250000  864000.250000  0.000000
864001.25  240:00:01.250000  864001.250000  0.000000
-0.25      -00:00:00.250000  -0.250000      0.000000
-1.25      -00:00:01.250000  -1.250000      0.000000
-59.25     -00:00:59.250000  -59.250000     0.000000
-60.25     -00:01:00.250000  -60.250000     0.000000
-61.25     -00:01:01.250000  -61.250000     0.000000
-3599.25   -00:59:59.250000  -3599.250000   0.000000
-3600.25   -01:00:00.250000  -3600.250000   0.000000
-3601.25   -01:00:01.250000  -3601.250000   0.000000
-86399.25  -23:59:59.250000  -86399.250000  0.000000
-86400.25  -24:00:00.250000  -86400.250000  0.000000
-86401.25  -24:00:01.250000  -86401.250000  0.000000
-863999.25 -239:59:59.250000 -863999.250000 0.000000
-864000.25 -240:00:00.250000 -864000.250000 0.000000
-864001.25 -240:00:01.250000 -864001.250000 0.000000

mlr --opprint put $hms=sec2dhms($sec);  $resec=dhms2sec($hms);  $diff=$resec-$sec ./reg-test/input/sec2xhms
sec     hms           resec   diff
0       0s            0       0
1       1s            1       0
59      59s           59      0
60      1m00s         60      0
61      1m01s         61      0
3599    59m59s        3599    0
3600    1h00m00s      3600    0
3601    1h00m01s      3601    0
86399   23h59m59s     86399   0
86400   1d00h00m00s   86400   0
86401   1d00h00m01s   86401   0
863999  9d23h59m59s   863999  0
864000  10d00h00m00s  864000  0
864001  10d00h00m01s  864001  0
-1      -1s           -1      0
-59     -59s          -59     0
-60     -1m00s        -60     0
-61     -1m01s        -61     0
-3599   -59m59s       -3599   0
-3600   -1h00m00s     -3600   0
-3601   -1h00m01s     -3601   0
-86399  -23h59m59s    -86399  0
-86400  -1d00h00m00s  -86400  0
-86401  -1d00h00m01s  -86401  0
-863999 -9d23h59m59s  -863999 0
-864000 -10d00h00m00s -864000 0
-864001 -10d00h00m01s -864001 0

mlr --opprint put $hms=fsec2dhms($sec); $resec=dhms2fsec($hms); $diff=$resec-$sec ./reg-test/input/fsec2xhms
sec        hms                  resec          diff
0.25       0.250000s            0.250000       0.000000
1.25       1.250000s            1.250000       0.000000
59.25      59.250000s           59.250000      0.000000
60.25      1m00.250000s         60.250000      0.000000
61.25      1m01.250000s         61.250000      0.000000
3599.25    59m59.250000s        3599.250000    0.000000
3600.25    1h00m00.250000s      3600.250000    0.000000
3601.25    1h00m01.250000s      3601.250000    0.000000
86399.25   23h59m59.250000s     86399.250000   0.000000
86400.25   1d00h00m00.250000s   86400.250000   0.000000
86401.25   1d00h00m01.250000s   86401.250000   0.000000
863999.25  9d23h59m59.250000s   863999.250000  0.000000
864000.25  10d00h00m00.250000s  864000.250000  0.000000
864001.25  10d00h00m01.250000s  864001.250000  0.000000
-0.25      -0.250000s           -0.250000      0.000000
-1.25      -1.250000s           -1.250000      0.000000
-59.25     -59.250000s          -59.250000     0.000000
-60.25     -1m00.250000s        -60.250000     0.000000
-61.25     -1m01.250000s        -61.250000     0.000000
-3599.25   -59m59.250000s       -3599.250000   0.000000
-3600.25   -1h00m00.250000s     -3600.250000   0.000000
-3601.25   -1h00m01.250000s     -3601.250000   0.000000
-86399.25  -23h59m59.250000s    -86399.250000  0.000000
-86400.25  -1d00h00m00.250000s  -86400.250000  0.000000
-86401.25  -1d00h00m01.250000s  -86401.250000  0.000000
-863999.25 -9d23h59m59.250000s  -863999.250000 0.000000
-864000.25 -10d00h00m00.250000s -864000.250000 0.000000
-864001.25 -10d00h00m01.250000s -864001.250000 0.000000

mlr --csvlite sec2gmt sec ./reg-test/input/sec2gmt
n,sec
1,1970-01-01T00:00:00Z
2,1970-01-01T00:00:01Z
3,1970-01-01T00:00:10Z
4,1970-01-01T00:01:40Z
5,1970-01-01T00:16:40Z
6,1970-01-01T02:46:40Z
7,1970-01-02T03:46:40Z
8,1970-01-12T13:46:40Z
9,1970-04-26T17:46:40Z
10,1973-03-03T09:46:40Z
11,2001-09-09T01:46:40Z
12,2015-05-19T11:49:40Z
13,2017-07-14T02:40:00Z
14,2033-05-18T03:33:20Z
15,2033-05-18T03:33:20Z
16,2033-05-18T03:33:20Z
17,2033-05-18T03:33:20Z
18,2033-05-18T03:33:20Z
19,2033-05-18T03:33:20Z
20,2033-05-18T03:33:20Z
21,2033-05-18T03:33:20Z
22,2033-05-18T03:33:21Z
23,
24,x
25,123x

mlr --csvlite sec2gmtdate sec ./reg-test/input/sec2gmt
n,sec
1,1970-01-01
2,1970-01-01
3,1970-01-01
4,1970-01-01
5,1970-01-01
6,1970-01-01
7,1970-01-02
8,1970-01-12
9,1970-04-26
10,1973-03-03
11,2001-09-09
12,2015-05-19
13,2017-07-14
14,2033-05-18
15,2033-05-18
16,2033-05-18
17,2033-05-18
18,2033-05-18
19,2033-05-18
20,2033-05-18
21,2033-05-18
22,2033-05-18
23,
24,x
25,123x

