
mlr put -q s=$x; t[$a]=$x; u[$a][$b]=$x; dump s; dump t; dump u; unset s      ; dump s; dump t; dump u ./reg-test/input/unset1.dkvp
9
{
  "1": 9
}
{
  "1": {
    "2": 9
  }
}

{
  "1": 9
}
{
  "1": {
    "2": 9
  }
}

mlr put -q s=$x; t[$a]=$x; u[$a][$b]=$x; dump s; dump t; dump u; unset t      ; dump s; dump t; dump u ./reg-test/input/unset1.dkvp
9
{
  "1": 9
}
{
  "1": {
    "2": 9
  }
}
9

{
  "1": {
    "2": 9
  }
}

mlr put -q s=$x; t[$a]=$x; u[$a][$b]=$x; dump s; dump t; dump u; unset t[1]   ; dump s; dump t; dump u ./reg-test/input/unset1.dkvp
9
{
  "1": 9
}
{
  "1": {
    "2": 9
  }
}
9
{
}
{
  "1": {
    "2": 9
  }
}

mlr put -q s=$x; t[$a]=$x; u[$a][$b]=$x; dump s; dump t; dump u; unset u      ; dump s; dump t; dump u ./reg-test/input/unset1.dkvp
9
{
  "1": 9
}
{
  "1": {
    "2": 9
  }
}
9
{
  "1": 9
}


mlr put -q s=$x; t[$a]=$x; u[$a][$b]=$x; dump s; dump t; dump u; unset u[1]   ; dump s; dump t; dump u ./reg-test/input/unset1.dkvp
9
{
  "1": 9
}
{
  "1": {
    "2": 9
  }
}
9
{
  "1": 9
}
{
}

mlr put -q s=$x; t[$a]=$x; u[$a][$b]=$x; dump s; dump t; dump u; unset u[1][2]; dump s; dump t; dump u ./reg-test/input/unset1.dkvp
9
{
  "1": 9
}
{
  "1": {
    "2": 9
  }
}
9
{
  "1": 9
}
{
  "1": {
  }
}

mlr put -q s=$x; t[$a]=$x; u[$a][$b]=$x; dump s; dump t; dump u; unset s      ; dump s; dump t; dump u ./reg-test/input/unset4.dkvp
9
{
  "1": 9
}
{
  "1": {
    "2": 9
  }
}

{
  "1": 9
}
{
  "1": {
    "2": 9
  }
}
9
{
  "1": 9
}
{
  "1": {
    "3": 9
  }
}

{
  "1": 9
}
{
  "1": {
    "3": 9
  }
}
9
{
  "4": 9
}
{
  "4": {
    "5": 9
  }
}

{
  "4": 9
}
{
  "4": {
    "5": 9
  }
}
9
{
  "4": 9
}
{
  "4": {
    "6": 9
  }
}

{
  "4": 9
}
{
  "4": {
    "6": 9
  }
}

mlr put -q s=$x; t[$a]=$x; u[$a][$b]=$x; dump s; dump t; dump u; unset t      ; dump s; dump t; dump u ./reg-test/input/unset4.dkvp
9
{
  "1": 9
}
{
  "1": {
    "2": 9
  }
}
9

{
  "1": {
    "2": 9
  }
}
9
{
  "1": 9
}
{
  "1": {
    "3": 9
  }
}
9

{
  "1": {
    "3": 9
  }
}
9
{
  "4": 9
}
{
  "4": {
    "5": 9
  }
}
9

{
  "4": {
    "5": 9
  }
}
9
{
  "4": 9
}
{
  "4": {
    "6": 9
  }
}
9

{
  "4": {
    "6": 9
  }
}

mlr put -q s=$x; t[$a]=$x; u[$a][$b]=$x; dump s; dump t; dump u; unset t[1]   ; dump s; dump t; dump u ./reg-test/input/unset4.dkvp
9
{
  "1": 9
}
{
  "1": {
    "2": 9
  }
}
9
{
}
{
  "1": {
    "2": 9
  }
}
9
{
  "1": 9
}
{
  "1": {
    "3": 9
  }
}
9
{
}
{
  "1": {
    "3": 9
  }
}
9
{
  "4": 9
}
{
  "4": {
    "5": 9
  }
}
9
{
  "4": 9
}
{
  "4": {
    "5": 9
  }
}
9
{
  "4": 9
}
{
  "4": {
    "6": 9
  }
}
9
{
  "4": 9
}
{
  "4": {
    "6": 9
  }
}

mlr put -q s=$x; t[$a]=$x; u[$a][$b]=$x; dump s; dump t; dump u; unset u      ; dump s; dump t; dump u ./reg-test/input/unset4.dkvp
9
{
  "1": 9
}
{
  "1": {
    "2": 9
  }
}
9
{
  "1": 9
}

9
{
  "1": 9
}
{
  "1": {
    "3": 9
  }
}
9
{
  "1": 9
}

9
{
  "4": 9
}
{
  "4": {
    "5": 9
  }
}
9
{
  "4": 9
}

9
{
  "4": 9
}
{
  "4": {
    "6": 9
  }
}
9
{
  "4": 9
}


mlr put -q s=$x; t[$a]=$x; u[$a][$b]=$x; dump s; dump t; dump u; unset u[1]   ; dump s; dump t; dump u ./reg-test/input/unset4.dkvp
9
{
  "1": 9
}
{
  "1": {
    "2": 9
  }
}
9
{
  "1": 9
}
{
}
9
{
  "1": 9
}
{
  "1": {
    "3": 9
  }
}
9
{
  "1": 9
}
{
}
9
{
  "4": 9
}
{
  "4": {
    "5": 9
  }
}
9
{
  "4": 9
}
{
  "4": {
    "5": 9
  }
}
9
{
  "4": 9
}
{
  "4": {
    "6": 9
  }
}
9
{
  "4": 9
}
{
  "4": {
    "6": 9
  }
}

mlr put -q s=$x; t[$a]=$x; u[$a][$b]=$x; dump s; dump t; dump u; unset u[1][2]; dump s; dump t; dump u ./reg-test/input/unset4.dkvp
9
{
  "1": 9
}
{
  "1": {
    "2": 9
  }
}
9
{
  "1": 9
}
{
  "1": {
  }
}
9
{
  "1": 9
}
{
  "1": {
    "3": 9
  }
}
9
{
  "1": 9
}
{
  "1": {
    "3": 9
  }
}
9
{
  "4": 9
}
{
  "4": {
    "5": 9
  }
}
9
{
  "4": 9
}
{
  "4": {
    "5": 9
  }
}
9
{
  "4": 9
}
{
  "4": {
    "6": 9
  }
}
9
{
  "4": 9
}
{
  "4": {
    "6": 9
  }
}

