
mlr -n put -v call s()
DSL EXPRESSION:
call s()
RAW AST:
* statement block
    * subroutine callsite "call"


mlr -n put -v call s(1,2,3)
DSL EXPRESSION:
call s(1,2,3)
RAW AST:
* statement block
    * subroutine callsite "call"
        * int literal "1"
        * int literal "2"
        * int literal "3"


mlr -n put -v subr s() {}
DSL EXPRESSION:
subr s() {}
RAW AST:
* statement block
    * subroutine definition "s"
        * parameter list
        * statement block


mlr -n put -v subr s() {x=1}
DSL EXPRESSION:
subr s() {x=1}
RAW AST:
* statement block
    * subroutine definition "s"
        * parameter list
        * statement block
            * assignment "="
                * local variable "x"
                * int literal "1"


mlr -n put -v subr s() {return}
DSL EXPRESSION:
subr s() {return}
RAW AST:
* statement block
    * subroutine definition "s"
        * parameter list
        * statement block
            * return "return"


