
mlr -n put end { @eq = [1,2,3]       == [1,2,3]       ; print @eq}
true

mlr -n put end { @eq = [1,2,3]       == [1,2,3,4]     ; print @eq}
false

mlr -n put end { @eq = [1,2,3]       == [1,3,3]       ; print @eq}
false

mlr -n put end { @eq = ["a",2,3]     == [1,2,3]       ; print @eq}
false

mlr -n put end { @eq = []            == {}            ; print @eq}
false

mlr -n put end { @eq = {}            == {}            ; print @eq}
true

mlr -n put end { @eq = {"a":1}       == {"a":1}       ; print @eq}
true

mlr -n put end { @eq = {"a":1}       == {"a":2}       ; print @eq}
false

mlr -n put end { @eq = {"a":1}       == {"b":1}       ; print @eq}
false

mlr -n put end { @eq = {"a":1,"b":2} == {"b":2}       ; print @eq}
false

mlr -n put end { @eq = {"a":1,"b":2} == {"a":1,"b":2} ; print @eq}
true

mlr -n put end { @eq = {"b":2,"a":1} == {"a":1,"b":2} ; print @eq}
true

