
mlr --ojson --from ./reg-test/input/2.dkvp put $abc[FILENAME] = "def"
{
  "a": "pan",
  "b": "pan",
  "i": 1,
  "x": 0.3467901443380824,
  "y": 0.7268028627434533,
  "abc": {
    "./reg-test/input/2.dkvp": "def"
  }
}
{
  "a": "eks",
  "b": "pan",
  "i": 2,
  "x": 0.7586799647899636,
  "y": 0.5221511083334797,
  "abc": {
    "./reg-test/input/2.dkvp": "def"
  }
}

mlr --ojson --from ./reg-test/input/2.dkvp put $abc[NR] = "def"
{
  "a": "pan",
  "b": "pan",
  "i": 1,
  "x": 0.3467901443380824,
  "y": 0.7268028627434533,
  "abc": {
    "1": "def"
  }
}
{
  "a": "eks",
  "b": "pan",
  "i": 2,
  "x": 0.7586799647899636,
  "y": 0.5221511083334797,
  "abc": {
    "2": "def"
  }
}

mlr --ojson --from ./reg-test/input/2.dkvp put $abc[FILENAME][NR] = "def"
{
  "a": "pan",
  "b": "pan",
  "i": 1,
  "x": 0.3467901443380824,
  "y": 0.7268028627434533,
  "abc": {
    "./reg-test/input/2.dkvp": {
      "1": "def"
    }
  }
}
{
  "a": "eks",
  "b": "pan",
  "i": 2,
  "x": 0.7586799647899636,
  "y": 0.5221511083334797,
  "abc": {
    "./reg-test/input/2.dkvp": {
      "2": "def"
    }
  }
}

mlr --ojson --from ./reg-test/input/2.dkvp put $abc[NR][FILENAME] = "def"
{
  "a": "pan",
  "b": "pan",
  "i": 1,
  "x": 0.3467901443380824,
  "y": 0.7268028627434533,
  "abc": {
    "1": {
      "./reg-test/input/2.dkvp": "def"
    }
  }
}
{
  "a": "eks",
  "b": "pan",
  "i": 2,
  "x": 0.7586799647899636,
  "y": 0.5221511083334797,
  "abc": {
    "2": {
      "./reg-test/input/2.dkvp": "def"
    }
  }
}

mlr --ojson --from ./reg-test/input/2.dkvp put @abc[FILENAME] = "def"; $ghi = @abc
{
  "a": "pan",
  "b": "pan",
  "i": 1,
  "x": 0.3467901443380824,
  "y": 0.7268028627434533,
  "ghi": {
    "./reg-test/input/2.dkvp": "def"
  }
}
{
  "a": "eks",
  "b": "pan",
  "i": 2,
  "x": 0.7586799647899636,
  "y": 0.5221511083334797,
  "ghi": {
    "./reg-test/input/2.dkvp": "def"
  }
}

mlr --ojson --from ./reg-test/input/2.dkvp put @abc[NR] = "def"; $ghi = @abc
{
  "a": "pan",
  "b": "pan",
  "i": 1,
  "x": 0.3467901443380824,
  "y": 0.7268028627434533,
  "ghi": {
    "1": "def"
  }
}
{
  "a": "eks",
  "b": "pan",
  "i": 2,
  "x": 0.7586799647899636,
  "y": 0.5221511083334797,
  "ghi": {
    "1": "def",
    "2": "def"
  }
}

mlr --ojson --from ./reg-test/input/2.dkvp put @abc[FILENAME][NR] = "def"; $ghi = @abc
{
  "a": "pan",
  "b": "pan",
  "i": 1,
  "x": 0.3467901443380824,
  "y": 0.7268028627434533,
  "ghi": {
    "./reg-test/input/2.dkvp": {
      "1": "def"
    }
  }
}
{
  "a": "eks",
  "b": "pan",
  "i": 2,
  "x": 0.7586799647899636,
  "y": 0.5221511083334797,
  "ghi": {
    "./reg-test/input/2.dkvp": {
      "1": "def",
      "2": "def"
    }
  }
}

mlr --ojson --from ./reg-test/input/2.dkvp put @abc[NR][FILENAME] = "def"; $ghi = @abc
{
  "a": "pan",
  "b": "pan",
  "i": 1,
  "x": 0.3467901443380824,
  "y": 0.7268028627434533,
  "ghi": {
    "1": {
      "./reg-test/input/2.dkvp": "def"
    }
  }
}
{
  "a": "eks",
  "b": "pan",
  "i": 2,
  "x": 0.7586799647899636,
  "y": 0.5221511083334797,
  "ghi": {
    "1": {
      "./reg-test/input/2.dkvp": "def"
    },
    "2": {
      "./reg-test/input/2.dkvp": "def"
    }
  }
}

mlr --from ./reg-test/input/2.dkvp --ojson put @a = 3; $new=@a
{
  "a": "pan",
  "b": "pan",
  "i": 1,
  "x": 0.3467901443380824,
  "y": 0.7268028627434533,
  "new": 3
}
{
  "a": "eks",
  "b": "pan",
  "i": 2,
  "x": 0.7586799647899636,
  "y": 0.5221511083334797,
  "new": 3
}

mlr --from ./reg-test/input/2.dkvp --ojson put @a = 3; @a[1]=4; $new=@a
{
  "a": "pan",
  "b": "pan",
  "i": 1,
  "x": 0.3467901443380824,
  "y": 0.7268028627434533,
  "new": [4]
}
{
  "a": "eks",
  "b": "pan",
  "i": 2,
  "x": 0.7586799647899636,
  "y": 0.5221511083334797,
  "new": [4]
}

mlr --from ./reg-test/input/2.dkvp --ojson put @a = 3; @a[1]=4;@a[1][1]=5; $new=@a
{
  "a": "pan",
  "b": "pan",
  "i": 1,
  "x": 0.3467901443380824,
  "y": 0.7268028627434533,
  "new": [
    [5]
  ]
}
{
  "a": "eks",
  "b": "pan",
  "i": 2,
  "x": 0.7586799647899636,
  "y": 0.5221511083334797,
  "new": [
    [5]
  ]
}

mlr --from ./reg-test/input/2.dkvp --ojson put @a = 3; @a["x"]=4; $new=@a
{
  "a": "pan",
  "b": "pan",
  "i": 1,
  "x": 0.3467901443380824,
  "y": 0.7268028627434533,
  "new": {
    "x": 4
  }
}
{
  "a": "eks",
  "b": "pan",
  "i": 2,
  "x": 0.7586799647899636,
  "y": 0.5221511083334797,
  "new": {
    "x": 4
  }
}

mlr --from ./reg-test/input/2.dkvp --ojson put @a = 3; @a["x"]=4;@a["x"]["x"]=5; $new=@a
{
  "a": "pan",
  "b": "pan",
  "i": 1,
  "x": 0.3467901443380824,
  "y": 0.7268028627434533,
  "new": {
    "x": {
      "x": 5
    }
  }
}
{
  "a": "eks",
  "b": "pan",
  "i": 2,
  "x": 0.7586799647899636,
  "y": 0.5221511083334797,
  "new": {
    "x": {
      "x": 5
    }
  }
}

