
mlr --from ./reg-test/input/s.dkvp --idkvp --opprint put $x=1; $y=2
a   b   i x y
pan pan 1 1 2
eks pan 2 1 2
wye wye 3 1 2
eks wye 4 1 2

mlr --from ./reg-test/input/s.dkvp --idkvp --opprint put $x=1; $y=2;
a   b   i x y
pan pan 1 1 2
eks pan 2 1 2
wye wye 3 1 2
eks wye 4 1 2

mlr --from ./reg-test/input/s.dkvp --idkvp --opprint put ; $x=1
a   b   i x y
pan pan 1 1 0.7268028627434533
eks pan 2 1 0.5221511083334797
wye wye 3 1 0.33831852551664776
eks wye 4 1 0.13418874328430463

mlr --from ./reg-test/input/s.dkvp --idkvp --opprint put ;;;;;
a   b   i x                   y
pan pan 1 0.3467901443380824  0.7268028627434533
eks pan 2 0.7586799647899636  0.5221511083334797
wye wye 3 0.20460330576630303 0.33831852551664776
eks wye 4 0.38139939387114097 0.13418874328430463

mlr --from ./reg-test/input/s.dkvp --idkvp --opprint put begin{} $x=1; end{}
a   b   i x y
pan pan 1 1 0.7268028627434533
eks pan 2 1 0.5221511083334797
wye wye 3 1 0.33831852551664776
eks wye 4 1 0.13418874328430463

mlr --from ./reg-test/input/s.dkvp --idkvp --opprint put begin{}; $x=1; end{}
a   b   i x y
pan pan 1 1 0.7268028627434533
eks pan 2 1 0.5221511083334797
wye wye 3 1 0.33831852551664776
eks wye 4 1 0.13418874328430463

mlr --from ./reg-test/input/s.dkvp --idkvp --opprint put begin{} $x=1;;; end{}
a   b   i x y
pan pan 1 1 0.7268028627434533
eks pan 2 1 0.5221511083334797
wye wye 3 1 0.33831852551664776
eks wye 4 1 0.13418874328430463

mlr --from ./reg-test/input/s.dkvp --idkvp --opprint put ;;;begin{} ;;; end{};;
a   b   i x                   y
pan pan 1 0.3467901443380824  0.7268028627434533
eks pan 2 0.7586799647899636  0.5221511083334797
wye wye 3 0.20460330576630303 0.33831852551664776
eks wye 4 0.38139939387114097 0.13418874328430463

