
mlr --from ./reg-test/input/s.dkvp put -q @sum += $x; dump
{
  "sum": 0.3467901443380824
}
{
  "sum": 1.105470109128046
}
{
  "sum": 1.3100734148943491
}
{
  "sum": 1.6914728087654902
}

mlr --from ./reg-test/input/s.dkvp put -q @sum[$a] += $x; dump
{
  "sum": {
    "pan": 0.3467901443380824
  }
}
{
  "sum": {
    "pan": 0.3467901443380824,
    "eks": 0.7586799647899636
  }
}
{
  "sum": {
    "pan": 0.3467901443380824,
    "eks": 0.7586799647899636,
    "wye": 0.20460330576630303
  }
}
{
  "sum": {
    "pan": 0.3467901443380824,
    "eks": 1.1400793586611044,
    "wye": 0.20460330576630303
  }
}

mlr --from ./reg-test/input/s.dkvp put -q begin{@sum=0} @sum += $x; end{dump}
{
  "sum": 1.6914728087654902
}

mlr --from ./reg-test/input/s.dkvp put -q begin{@sum={}} @sum[$a] += $x; end{dump}
{
  "sum": {
    "pan": 0.3467901443380824,
    "eks": 1.1400793586611044,
    "wye": 0.20460330576630303
  }
}

mlr --from ./reg-test/input/s.dkvp put -q begin{@sum=[3,4]} @sum[1+NR%2] += $x; end{dump}
{
  "sum": [4.140079358661104, 4.551393450104385]
}

mlr --from ./reg-test/input/s.dkvp put -q begin{@sum=[0,0]} @sum[1+NR%2] += $x; end{dump}
{
  "sum": [1.1400793586611044, 0.5513934501043855]
}

mlr --from ./reg-test/input/s.dkvp put -q begin{@sum=[]} @sum[1+NR%2] += $x; end{dump}
{
  "sum": ["", 0.5513934501043855]
}

mlr --from ./reg-test/input/s.dkvp put -q begin{} @sum[1+(NR%2)] += $x; end{dump}
{
  "sum": ["", 0.5513934501043855]
}

mlr --from ./reg-test/input/s.dkvp put nr=NR; $nr=nr
a=pan,b=pan,i=1,x=0.3467901443380824,y=0.7268028627434533,nr=1
a=eks,b=pan,i=2,x=0.7586799647899636,y=0.5221511083334797,nr=2
a=wye,b=wye,i=3,x=0.20460330576630303,y=0.33831852551664776,nr=3
a=eks,b=wye,i=4,x=0.38139939387114097,y=0.13418874328430463,nr=4

