
mlr --opprint rename a,AAA ./reg-test/input/s.dkvp
AAA b   i x                   y
pan pan 1 0.3467901443380824  0.7268028627434533
eks pan 2 0.7586799647899636  0.5221511083334797
wye wye 3 0.20460330576630303 0.33831852551664776
eks wye 4 0.38139939387114097 0.13418874328430463

mlr --opprint rename a,AAA,x,XXX ./reg-test/input/s.dkvp
AAA b   i XXX                 y
pan pan 1 0.3467901443380824  0.7268028627434533
eks pan 2 0.7586799647899636  0.5221511083334797
wye wye 3 0.20460330576630303 0.33831852551664776
eks wye 4 0.38139939387114097 0.13418874328430463

mlr --opprint rename none,such ./reg-test/input/s.dkvp
a   b   i x                   y
pan pan 1 0.3467901443380824  0.7268028627434533
eks pan 2 0.7586799647899636  0.5221511083334797
wye wye 3 0.20460330576630303 0.33831852551664776
eks wye 4 0.38139939387114097 0.13418874328430463

mlr --opprint rename a,b ./reg-test/input/s.dkvp
b   i x                   y
pan 1 0.3467901443380824  0.7268028627434533
eks 2 0.7586799647899636  0.5221511083334797
wye 3 0.20460330576630303 0.33831852551664776
eks 4 0.38139939387114097 0.13418874328430463

mlr --opprint rename i,j,a,b ./reg-test/input/s.dkvp
b   j x                   y
pan 1 0.3467901443380824  0.7268028627434533
eks 2 0.7586799647899636  0.5221511083334797
wye 3 0.20460330576630303 0.33831852551664776
eks 4 0.38139939387114097 0.13418874328430463

mlr --opprint rename x,y,a,b ./reg-test/input/s.dkvp
b   i y
pan 1 0.3467901443380824
eks 2 0.7586799647899636
wye 3 0.20460330576630303
eks 4 0.38139939387114097

