

================================================================
NON-INTERPOLATED AND INTERPOLATED PERCENTILES

mlr --from ./reg-test/input/x0to10.dat --oxtab head -n 1 then stats1 -f x -a p00,p01,p02,p03,p04,p05,p06,p07,p08,p09,p10,p11,p12,p13,p14,p15,p16,p17,p18,p19,p20,p21,p22,p23,p24,p25,p26,p27,p28,p29,p30,p31,p32,p33,p34,p35,p36,p37,p38,p39,p40,p41,p42,p43,p44,p45,p46,p47,p48,p49,p50,p51,p52,p53,p54,p55,p56,p57,p58,p59,p60,p61,p62,p63,p64,p65,p66,p67,p68,p69,p70,p71,p72,p73,p74,p75,p76,p77,p78,p79,p80,p81,p82,p83,p84,p85,p86,p87,p88,p89,p90,p91,p92,p93,p94,p95,p96,p97,p98,p99,p100
x_p00  0
x_p01  0
x_p02  0
x_p03  0
x_p04  0
x_p05  0
x_p06  0
x_p07  0
x_p08  0
x_p09  0
x_p10  0
x_p11  0
x_p12  0
x_p13  0
x_p14  0
x_p15  0
x_p16  0
x_p17  0
x_p18  0
x_p19  0
x_p20  0
x_p21  0
x_p22  0
x_p23  0
x_p24  0
x_p25  0
x_p26  0
x_p27  0
x_p28  0
x_p29  0
x_p30  0
x_p31  0
x_p32  0
x_p33  0
x_p34  0
x_p35  0
x_p36  0
x_p37  0
x_p38  0
x_p39  0
x_p40  0
x_p41  0
x_p42  0
x_p43  0
x_p44  0
x_p45  0
x_p46  0
x_p47  0
x_p48  0
x_p49  0
x_p50  0
x_p51  0
x_p52  0
x_p53  0
x_p54  0
x_p55  0
x_p56  0
x_p57  0
x_p58  0
x_p59  0
x_p60  0
x_p61  0
x_p62  0
x_p63  0
x_p64  0
x_p65  0
x_p66  0
x_p67  0
x_p68  0
x_p69  0
x_p70  0
x_p71  0
x_p72  0
x_p73  0
x_p74  0
x_p75  0
x_p76  0
x_p77  0
x_p78  0
x_p79  0
x_p80  0
x_p81  0
x_p82  0
x_p83  0
x_p84  0
x_p85  0
x_p86  0
x_p87  0
x_p88  0
x_p89  0
x_p90  0
x_p91  0
x_p92  0
x_p93  0
x_p94  0
x_p95  0
x_p96  0
x_p97  0
x_p98  0
x_p99  0
x_p100 0

mlr --from ./reg-test/input/x0to10.dat --oxtab head -n 2 then stats1 -f x -a p00,p01,p02,p03,p04,p05,p06,p07,p08,p09,p10,p11,p12,p13,p14,p15,p16,p17,p18,p19,p20,p21,p22,p23,p24,p25,p26,p27,p28,p29,p30,p31,p32,p33,p34,p35,p36,p37,p38,p39,p40,p41,p42,p43,p44,p45,p46,p47,p48,p49,p50,p51,p52,p53,p54,p55,p56,p57,p58,p59,p60,p61,p62,p63,p64,p65,p66,p67,p68,p69,p70,p71,p72,p73,p74,p75,p76,p77,p78,p79,p80,p81,p82,p83,p84,p85,p86,p87,p88,p89,p90,p91,p92,p93,p94,p95,p96,p97,p98,p99,p100
x_p00  0
x_p01  0
x_p02  0
x_p03  0
x_p04  0
x_p05  0
x_p06  0
x_p07  0
x_p08  0
x_p09  0
x_p10  0
x_p11  0
x_p12  0
x_p13  0
x_p14  0
x_p15  0
x_p16  0
x_p17  0
x_p18  0
x_p19  0
x_p20  0
x_p21  0
x_p22  0
x_p23  0
x_p24  0
x_p25  0
x_p26  0
x_p27  0
x_p28  0
x_p29  0
x_p30  0
x_p31  0
x_p32  0
x_p33  0
x_p34  0
x_p35  0
x_p36  0
x_p37  0
x_p38  0
x_p39  0
x_p40  0
x_p41  0
x_p42  0
x_p43  0
x_p44  0
x_p45  0
x_p46  0
x_p47  0
x_p48  0
x_p49  0
x_p50  1
x_p51  1
x_p52  1
x_p53  1
x_p54  1
x_p55  1
x_p56  1
x_p57  1
x_p58  1
x_p59  1
x_p60  1
x_p61  1
x_p62  1
x_p63  1
x_p64  1
x_p65  1
x_p66  1
x_p67  1
x_p68  1
x_p69  1
x_p70  1
x_p71  1
x_p72  1
x_p73  1
x_p74  1
x_p75  1
x_p76  1
x_p77  1
x_p78  1
x_p79  1
x_p80  1
x_p81  1
x_p82  1
x_p83  1
x_p84  1
x_p85  1
x_p86  1
x_p87  1
x_p88  1
x_p89  1
x_p90  1
x_p91  1
x_p92  1
x_p93  1
x_p94  1
x_p95  1
x_p96  1
x_p97  1
x_p98  1
x_p99  1
x_p100 1

mlr --from ./reg-test/input/x0to10.dat --oxtab head -n 3 then stats1 -f x -a p00,p01,p02,p03,p04,p05,p06,p07,p08,p09,p10,p11,p12,p13,p14,p15,p16,p17,p18,p19,p20,p21,p22,p23,p24,p25,p26,p27,p28,p29,p30,p31,p32,p33,p34,p35,p36,p37,p38,p39,p40,p41,p42,p43,p44,p45,p46,p47,p48,p49,p50,p51,p52,p53,p54,p55,p56,p57,p58,p59,p60,p61,p62,p63,p64,p65,p66,p67,p68,p69,p70,p71,p72,p73,p74,p75,p76,p77,p78,p79,p80,p81,p82,p83,p84,p85,p86,p87,p88,p89,p90,p91,p92,p93,p94,p95,p96,p97,p98,p99,p100
x_p00  0
x_p01  0
x_p02  0
x_p03  0
x_p04  0
x_p05  0
x_p06  0
x_p07  0
x_p08  0
x_p09  0
x_p10  0
x_p11  0
x_p12  0
x_p13  0
x_p14  0
x_p15  0
x_p16  0
x_p17  0
x_p18  0
x_p19  0
x_p20  0
x_p21  0
x_p22  0
x_p23  0
x_p24  0
x_p25  0
x_p26  0
x_p27  0
x_p28  0
x_p29  0
x_p30  0
x_p31  0
x_p32  0
x_p33  0
x_p34  1
x_p35  1
x_p36  1
x_p37  1
x_p38  1
x_p39  1
x_p40  1
x_p41  1
x_p42  1
x_p43  1
x_p44  1
x_p45  1
x_p46  1
x_p47  1
x_p48  1
x_p49  1
x_p50  1
x_p51  1
x_p52  1
x_p53  1
x_p54  1
x_p55  1
x_p56  1
x_p57  1
x_p58  1
x_p59  1
x_p60  1
x_p61  1
x_p62  1
x_p63  1
x_p64  1
x_p65  1
x_p66  1
x_p67  2
x_p68  2
x_p69  2
x_p70  2
x_p71  2
x_p72  2
x_p73  2
x_p74  2
x_p75  2
x_p76  2
x_p77  2
x_p78  2
x_p79  2
x_p80  2
x_p81  2
x_p82  2
x_p83  2
x_p84  2
x_p85  2
x_p86  2
x_p87  2
x_p88  2
x_p89  2
x_p90  2
x_p91  2
x_p92  2
x_p93  2
x_p94  2
x_p95  2
x_p96  2
x_p97  2
x_p98  2
x_p99  2
x_p100 2

mlr --from ./reg-test/input/x0to10.dat --oxtab head -n 4 then stats1 -f x -a p00,p01,p02,p03,p04,p05,p06,p07,p08,p09,p10,p11,p12,p13,p14,p15,p16,p17,p18,p19,p20,p21,p22,p23,p24,p25,p26,p27,p28,p29,p30,p31,p32,p33,p34,p35,p36,p37,p38,p39,p40,p41,p42,p43,p44,p45,p46,p47,p48,p49,p50,p51,p52,p53,p54,p55,p56,p57,p58,p59,p60,p61,p62,p63,p64,p65,p66,p67,p68,p69,p70,p71,p72,p73,p74,p75,p76,p77,p78,p79,p80,p81,p82,p83,p84,p85,p86,p87,p88,p89,p90,p91,p92,p93,p94,p95,p96,p97,p98,p99,p100
x_p00  0
x_p01  0
x_p02  0
x_p03  0
x_p04  0
x_p05  0
x_p06  0
x_p07  0
x_p08  0
x_p09  0
x_p10  0
x_p11  0
x_p12  0
x_p13  0
x_p14  0
x_p15  0
x_p16  0
x_p17  0
x_p18  0
x_p19  0
x_p20  0
x_p21  0
x_p22  0
x_p23  0
x_p24  0
x_p25  1
x_p26  1
x_p27  1
x_p28  1
x_p29  1
x_p30  1
x_p31  1
x_p32  1
x_p33  1
x_p34  1
x_p35  1
x_p36  1
x_p37  1
x_p38  1
x_p39  1
x_p40  1
x_p41  1
x_p42  1
x_p43  1
x_p44  1
x_p45  1
x_p46  1
x_p47  1
x_p48  1
x_p49  1
x_p50  2
x_p51  2
x_p52  2
x_p53  2
x_p54  2
x_p55  2
x_p56  2
x_p57  2
x_p58  2
x_p59  2
x_p60  2
x_p61  2
x_p62  2
x_p63  2
x_p64  2
x_p65  2
x_p66  2
x_p67  2
x_p68  2
x_p69  2
x_p70  2
x_p71  2
x_p72  2
x_p73  2
x_p74  2
x_p75  3
x_p76  3
x_p77  3
x_p78  3
x_p79  3
x_p80  3
x_p81  3
x_p82  3
x_p83  3
x_p84  3
x_p85  3
x_p86  3
x_p87  3
x_p88  3
x_p89  3
x_p90  3
x_p91  3
x_p92  3
x_p93  3
x_p94  3
x_p95  3
x_p96  3
x_p97  3
x_p98  3
x_p99  3
x_p100 3

mlr --from ./reg-test/input/x0to10.dat --oxtab head -n 5 then stats1 -f x -a p00,p01,p02,p03,p04,p05,p06,p07,p08,p09,p10,p11,p12,p13,p14,p15,p16,p17,p18,p19,p20,p21,p22,p23,p24,p25,p26,p27,p28,p29,p30,p31,p32,p33,p34,p35,p36,p37,p38,p39,p40,p41,p42,p43,p44,p45,p46,p47,p48,p49,p50,p51,p52,p53,p54,p55,p56,p57,p58,p59,p60,p61,p62,p63,p64,p65,p66,p67,p68,p69,p70,p71,p72,p73,p74,p75,p76,p77,p78,p79,p80,p81,p82,p83,p84,p85,p86,p87,p88,p89,p90,p91,p92,p93,p94,p95,p96,p97,p98,p99,p100
x_p00  0
x_p01  0
x_p02  0
x_p03  0
x_p04  0
x_p05  0
x_p06  0
x_p07  0
x_p08  0
x_p09  0
x_p10  0
x_p11  0
x_p12  0
x_p13  0
x_p14  0
x_p15  0
x_p16  0
x_p17  0
x_p18  0
x_p19  0
x_p20  1
x_p21  1
x_p22  1
x_p23  1
x_p24  1
x_p25  1
x_p26  1
x_p27  1
x_p28  1
x_p29  1
x_p30  1
x_p31  1
x_p32  1
x_p33  1
x_p34  1
x_p35  1
x_p36  1
x_p37  1
x_p38  1
x_p39  1
x_p40  2
x_p41  2
x_p42  2
x_p43  2
x_p44  2
x_p45  2
x_p46  2
x_p47  2
x_p48  2
x_p49  2
x_p50  2
x_p51  2
x_p52  2
x_p53  2
x_p54  2
x_p55  2
x_p56  2
x_p57  2
x_p58  2
x_p59  2
x_p60  3
x_p61  3
x_p62  3
x_p63  3
x_p64  3
x_p65  3
x_p66  3
x_p67  3
x_p68  3
x_p69  3
x_p70  3
x_p71  3
x_p72  3
x_p73  3
x_p74  3
x_p75  3
x_p76  3
x_p77  3
x_p78  3
x_p79  3
x_p80  4
x_p81  4
x_p82  4
x_p83  4
x_p84  4
x_p85  4
x_p86  4
x_p87  4
x_p88  4
x_p89  4
x_p90  4
x_p91  4
x_p92  4
x_p93  4
x_p94  4
x_p95  4
x_p96  4
x_p97  4
x_p98  4
x_p99  4
x_p100 4

mlr --from ./reg-test/input/x0to10.dat --oxtab head -n 6 then stats1 -f x -a p00,p01,p02,p03,p04,p05,p06,p07,p08,p09,p10,p11,p12,p13,p14,p15,p16,p17,p18,p19,p20,p21,p22,p23,p24,p25,p26,p27,p28,p29,p30,p31,p32,p33,p34,p35,p36,p37,p38,p39,p40,p41,p42,p43,p44,p45,p46,p47,p48,p49,p50,p51,p52,p53,p54,p55,p56,p57,p58,p59,p60,p61,p62,p63,p64,p65,p66,p67,p68,p69,p70,p71,p72,p73,p74,p75,p76,p77,p78,p79,p80,p81,p82,p83,p84,p85,p86,p87,p88,p89,p90,p91,p92,p93,p94,p95,p96,p97,p98,p99,p100
x_p00  0
x_p01  0
x_p02  0
x_p03  0
x_p04  0
x_p05  0
x_p06  0
x_p07  0
x_p08  0
x_p09  0
x_p10  0
x_p11  0
x_p12  0
x_p13  0
x_p14  0
x_p15  0
x_p16  0
x_p17  1
x_p18  1
x_p19  1
x_p20  1
x_p21  1
x_p22  1
x_p23  1
x_p24  1
x_p25  1
x_p26  1
x_p27  1
x_p28  1
x_p29  1
x_p30  1
x_p31  1
x_p32  1
x_p33  1
x_p34  2
x_p35  2
x_p36  2
x_p37  2
x_p38  2
x_p39  2
x_p40  2
x_p41  2
x_p42  2
x_p43  2
x_p44  2
x_p45  2
x_p46  2
x_p47  2
x_p48  2
x_p49  2
x_p50  3
x_p51  3
x_p52  3
x_p53  3
x_p54  3
x_p55  3
x_p56  3
x_p57  3
x_p58  3
x_p59  3
x_p60  3
x_p61  3
x_p62  3
x_p63  3
x_p64  3
x_p65  3
x_p66  3
x_p67  4
x_p68  4
x_p69  4
x_p70  4
x_p71  4
x_p72  4
x_p73  4
x_p74  4
x_p75  4
x_p76  4
x_p77  4
x_p78  4
x_p79  4
x_p80  4
x_p81  4
x_p82  4
x_p83  4
x_p84  5
x_p85  5
x_p86  5
x_p87  5
x_p88  5
x_p89  5
x_p90  5
x_p91  5
x_p92  5
x_p93  5
x_p94  5
x_p95  5
x_p96  5
x_p97  5
x_p98  5
x_p99  5
x_p100 5

mlr --from ./reg-test/input/x0to10.dat --oxtab head -n 7 then stats1 -f x -a p00,p01,p02,p03,p04,p05,p06,p07,p08,p09,p10,p11,p12,p13,p14,p15,p16,p17,p18,p19,p20,p21,p22,p23,p24,p25,p26,p27,p28,p29,p30,p31,p32,p33,p34,p35,p36,p37,p38,p39,p40,p41,p42,p43,p44,p45,p46,p47,p48,p49,p50,p51,p52,p53,p54,p55,p56,p57,p58,p59,p60,p61,p62,p63,p64,p65,p66,p67,p68,p69,p70,p71,p72,p73,p74,p75,p76,p77,p78,p79,p80,p81,p82,p83,p84,p85,p86,p87,p88,p89,p90,p91,p92,p93,p94,p95,p96,p97,p98,p99,p100
x_p00  0
x_p01  0
x_p02  0
x_p03  0
x_p04  0
x_p05  0
x_p06  0
x_p07  0
x_p08  0
x_p09  0
x_p10  0
x_p11  0
x_p12  0
x_p13  0
x_p14  0
x_p15  1
x_p16  1
x_p17  1
x_p18  1
x_p19  1
x_p20  1
x_p21  1
x_p22  1
x_p23  1
x_p24  1
x_p25  1
x_p26  1
x_p27  1
x_p28  1
x_p29  2
x_p30  2
x_p31  2
x_p32  2
x_p33  2
x_p34  2
x_p35  2
x_p36  2
x_p37  2
x_p38  2
x_p39  2
x_p40  2
x_p41  2
x_p42  2
x_p43  3
x_p44  3
x_p45  3
x_p46  3
x_p47  3
x_p48  3
x_p49  3
x_p50  3
x_p51  3
x_p52  3
x_p53  3
x_p54  3
x_p55  3
x_p56  3
x_p57  3
x_p58  4
x_p59  4
x_p60  4
x_p61  4
x_p62  4
x_p63  4
x_p64  4
x_p65  4
x_p66  4
x_p67  4
x_p68  4
x_p69  4
x_p70  4
x_p71  4
x_p72  5
x_p73  5
x_p74  5
x_p75  5
x_p76  5
x_p77  5
x_p78  5
x_p79  5
x_p80  5
x_p81  5
x_p82  5
x_p83  5
x_p84  5
x_p85  5
x_p86  6
x_p87  6
x_p88  6
x_p89  6
x_p90  6
x_p91  6
x_p92  6
x_p93  6
x_p94  6
x_p95  6
x_p96  6
x_p97  6
x_p98  6
x_p99  6
x_p100 6

mlr --from ./reg-test/input/x0to10.dat --oxtab head -n 8 then stats1 -f x -a p00,p01,p02,p03,p04,p05,p06,p07,p08,p09,p10,p11,p12,p13,p14,p15,p16,p17,p18,p19,p20,p21,p22,p23,p24,p25,p26,p27,p28,p29,p30,p31,p32,p33,p34,p35,p36,p37,p38,p39,p40,p41,p42,p43,p44,p45,p46,p47,p48,p49,p50,p51,p52,p53,p54,p55,p56,p57,p58,p59,p60,p61,p62,p63,p64,p65,p66,p67,p68,p69,p70,p71,p72,p73,p74,p75,p76,p77,p78,p79,p80,p81,p82,p83,p84,p85,p86,p87,p88,p89,p90,p91,p92,p93,p94,p95,p96,p97,p98,p99,p100
x_p00  0
x_p01  0
x_p02  0
x_p03  0
x_p04  0
x_p05  0
x_p06  0
x_p07  0
x_p08  0
x_p09  0
x_p10  0
x_p11  0
x_p12  0
x_p13  1
x_p14  1
x_p15  1
x_p16  1
x_p17  1
x_p18  1
x_p19  1
x_p20  1
x_p21  1
x_p22  1
x_p23  1
x_p24  1
x_p25  2
x_p26  2
x_p27  2
x_p28  2
x_p29  2
x_p30  2
x_p31  2
x_p32  2
x_p33  2
x_p34  2
x_p35  2
x_p36  2
x_p37  2
x_p38  3
x_p39  3
x_p40  3
x_p41  3
x_p42  3
x_p43  3
x_p44  3
x_p45  3
x_p46  3
x_p47  3
x_p48  3
x_p49  3
x_p50  4
x_p51  4
x_p52  4
x_p53  4
x_p54  4
x_p55  4
x_p56  4
x_p57  4
x_p58  4
x_p59  4
x_p60  4
x_p61  4
x_p62  4
x_p63  5
x_p64  5
x_p65  5
x_p66  5
x_p67  5
x_p68  5
x_p69  5
x_p70  5
x_p71  5
x_p72  5
x_p73  5
x_p74  5
x_p75  6
x_p76  6
x_p77  6
x_p78  6
x_p79  6
x_p80  6
x_p81  6
x_p82  6
x_p83  6
x_p84  6
x_p85  6
x_p86  6
x_p87  6
x_p88  7
x_p89  7
x_p90  7
x_p91  7
x_p92  7
x_p93  7
x_p94  7
x_p95  7
x_p96  7
x_p97  7
x_p98  7
x_p99  7
x_p100 7

mlr --from ./reg-test/input/x0to10.dat --oxtab head -n 9 then stats1 -f x -a p00,p01,p02,p03,p04,p05,p06,p07,p08,p09,p10,p11,p12,p13,p14,p15,p16,p17,p18,p19,p20,p21,p22,p23,p24,p25,p26,p27,p28,p29,p30,p31,p32,p33,p34,p35,p36,p37,p38,p39,p40,p41,p42,p43,p44,p45,p46,p47,p48,p49,p50,p51,p52,p53,p54,p55,p56,p57,p58,p59,p60,p61,p62,p63,p64,p65,p66,p67,p68,p69,p70,p71,p72,p73,p74,p75,p76,p77,p78,p79,p80,p81,p82,p83,p84,p85,p86,p87,p88,p89,p90,p91,p92,p93,p94,p95,p96,p97,p98,p99,p100
x_p00  0
x_p01  0
x_p02  0
x_p03  0
x_p04  0
x_p05  0
x_p06  0
x_p07  0
x_p08  0
x_p09  0
x_p10  0
x_p11  0
x_p12  1
x_p13  1
x_p14  1
x_p15  1
x_p16  1
x_p17  1
x_p18  1
x_p19  1
x_p20  1
x_p21  1
x_p22  1
x_p23  2
x_p24  2
x_p25  2
x_p26  2
x_p27  2
x_p28  2
x_p29  2
x_p30  2
x_p31  2
x_p32  2
x_p33  2
x_p34  3
x_p35  3
x_p36  3
x_p37  3
x_p38  3
x_p39  3
x_p40  3
x_p41  3
x_p42  3
x_p43  3
x_p44  3
x_p45  4
x_p46  4
x_p47  4
x_p48  4
x_p49  4
x_p50  4
x_p51  4
x_p52  4
x_p53  4
x_p54  4
x_p55  4
x_p56  5
x_p57  5
x_p58  5
x_p59  5
x_p60  5
x_p61  5
x_p62  5
x_p63  5
x_p64  5
x_p65  5
x_p66  5
x_p67  6
x_p68  6
x_p69  6
x_p70  6
x_p71  6
x_p72  6
x_p73  6
x_p74  6
x_p75  6
x_p76  6
x_p77  6
x_p78  7
x_p79  7
x_p80  7
x_p81  7
x_p82  7
x_p83  7
x_p84  7
x_p85  7
x_p86  7
x_p87  7
x_p88  7
x_p89  8
x_p90  8
x_p91  8
x_p92  8
x_p93  8
x_p94  8
x_p95  8
x_p96  8
x_p97  8
x_p98  8
x_p99  8
x_p100 8

mlr --from ./reg-test/input/x0to10.dat --oxtab head -n 10 then stats1 -f x -a p00,p01,p02,p03,p04,p05,p06,p07,p08,p09,p10,p11,p12,p13,p14,p15,p16,p17,p18,p19,p20,p21,p22,p23,p24,p25,p26,p27,p28,p29,p30,p31,p32,p33,p34,p35,p36,p37,p38,p39,p40,p41,p42,p43,p44,p45,p46,p47,p48,p49,p50,p51,p52,p53,p54,p55,p56,p57,p58,p59,p60,p61,p62,p63,p64,p65,p66,p67,p68,p69,p70,p71,p72,p73,p74,p75,p76,p77,p78,p79,p80,p81,p82,p83,p84,p85,p86,p87,p88,p89,p90,p91,p92,p93,p94,p95,p96,p97,p98,p99,p100
x_p00  0
x_p01  0
x_p02  0
x_p03  0
x_p04  0
x_p05  0
x_p06  0
x_p07  0
x_p08  0
x_p09  0
x_p10  1
x_p11  1
x_p12  1
x_p13  1
x_p14  1
x_p15  1
x_p16  1
x_p17  1
x_p18  1
x_p19  1
x_p20  2
x_p21  2
x_p22  2
x_p23  2
x_p24  2
x_p25  2
x_p26  2
x_p27  2
x_p28  2
x_p29  2
x_p30  3
x_p31  3
x_p32  3
x_p33  3
x_p34  3
x_p35  3
x_p36  3
x_p37  3
x_p38  3
x_p39  3
x_p40  4
x_p41  4
x_p42  4
x_p43  4
x_p44  4
x_p45  4
x_p46  4
x_p47  4
x_p48  4
x_p49  4
x_p50  5
x_p51  5
x_p52  5
x_p53  5
x_p54  5
x_p55  5
x_p56  5
x_p57  5
x_p58  5
x_p59  5
x_p60  6
x_p61  6
x_p62  6
x_p63  6
x_p64  6
x_p65  6
x_p66  6
x_p67  6
x_p68  6
x_p69  6
x_p70  7
x_p71  7
x_p72  7
x_p73  7
x_p74  7
x_p75  7
x_p76  7
x_p77  7
x_p78  7
x_p79  7
x_p80  8
x_p81  8
x_p82  8
x_p83  8
x_p84  8
x_p85  8
x_p86  8
x_p87  8
x_p88  8
x_p89  8
x_p90  9
x_p91  9
x_p92  9
x_p93  9
x_p94  9
x_p95  9
x_p96  9
x_p97  9
x_p98  9
x_p99  9
x_p100 9

mlr --from ./reg-test/input/x0to10.dat --oxtab head -n 11 then stats1 -f x -a p00,p01,p02,p03,p04,p05,p06,p07,p08,p09,p10,p11,p12,p13,p14,p15,p16,p17,p18,p19,p20,p21,p22,p23,p24,p25,p26,p27,p28,p29,p30,p31,p32,p33,p34,p35,p36,p37,p38,p39,p40,p41,p42,p43,p44,p45,p46,p47,p48,p49,p50,p51,p52,p53,p54,p55,p56,p57,p58,p59,p60,p61,p62,p63,p64,p65,p66,p67,p68,p69,p70,p71,p72,p73,p74,p75,p76,p77,p78,p79,p80,p81,p82,p83,p84,p85,p86,p87,p88,p89,p90,p91,p92,p93,p94,p95,p96,p97,p98,p99,p100
x_p00  0
x_p01  0
x_p02  0
x_p03  0
x_p04  0
x_p05  0
x_p06  0
x_p07  0
x_p08  0
x_p09  0
x_p10  1
x_p11  1
x_p12  1
x_p13  1
x_p14  1
x_p15  1
x_p16  1
x_p17  1
x_p18  1
x_p19  2
x_p20  2
x_p21  2
x_p22  2
x_p23  2
x_p24  2
x_p25  2
x_p26  2
x_p27  2
x_p28  3
x_p29  3
x_p30  3
x_p31  3
x_p32  3
x_p33  3
x_p34  3
x_p35  3
x_p36  3
x_p37  4
x_p38  4
x_p39  4
x_p40  4
x_p41  4
x_p42  4
x_p43  4
x_p44  4
x_p45  4
x_p46  5
x_p47  5
x_p48  5
x_p49  5
x_p50  5
x_p51  5
x_p52  5
x_p53  5
x_p54  5
x_p55  6
x_p56  6
x_p57  6
x_p58  6
x_p59  6
x_p60  6
x_p61  6
x_p62  6
x_p63  6
x_p64  7
x_p65  7
x_p66  7
x_p67  7
x_p68  7
x_p69  7
x_p70  7
x_p71  7
x_p72  7
x_p73  8
x_p74  8
x_p75  8
x_p76  8
x_p77  8
x_p78  8
x_p79  8
x_p80  8
x_p81  8
x_p82  9
x_p83  9
x_p84  9
x_p85  9
x_p86  9
x_p87  9
x_p88  9
x_p89  9
x_p90  9
x_p91  10
x_p92  10
x_p93  10
x_p94  10
x_p95  10
x_p96  10
x_p97  10
x_p98  10
x_p99  10
x_p100 10

mlr --from ./reg-test/input/x0to10.dat --oxtab head -n 1 then stats1 -i -f x -a p00,p01,p02,p03,p04,p05,p06,p07,p08,p09,p10,p11,p12,p13,p14,p15,p16,p17,p18,p19,p20,p21,p22,p23,p24,p25,p26,p27,p28,p29,p30,p31,p32,p33,p34,p35,p36,p37,p38,p39,p40,p41,p42,p43,p44,p45,p46,p47,p48,p49,p50,p51,p52,p53,p54,p55,p56,p57,p58,p59,p60,p61,p62,p63,p64,p65,p66,p67,p68,p69,p70,p71,p72,p73,p74,p75,p76,p77,p78,p79,p80,p81,p82,p83,p84,p85,p86,p87,p88,p89,p90,p91,p92,p93,p94,p95,p96,p97,p98,p99,p100
x_p00  0
x_p01  0
x_p02  0
x_p03  0
x_p04  0
x_p05  0
x_p06  0
x_p07  0
x_p08  0
x_p09  0
x_p10  0
x_p11  0
x_p12  0
x_p13  0
x_p14  0
x_p15  0
x_p16  0
x_p17  0
x_p18  0
x_p19  0
x_p20  0
x_p21  0
x_p22  0
x_p23  0
x_p24  0
x_p25  0
x_p26  0
x_p27  0
x_p28  0
x_p29  0
x_p30  0
x_p31  0
x_p32  0
x_p33  0
x_p34  0
x_p35  0
x_p36  0
x_p37  0
x_p38  0
x_p39  0
x_p40  0
x_p41  0
x_p42  0
x_p43  0
x_p44  0
x_p45  0
x_p46  0
x_p47  0
x_p48  0
x_p49  0
x_p50  0
x_p51  0
x_p52  0
x_p53  0
x_p54  0
x_p55  0
x_p56  0
x_p57  0
x_p58  0
x_p59  0
x_p60  0
x_p61  0
x_p62  0
x_p63  0
x_p64  0
x_p65  0
x_p66  0
x_p67  0
x_p68  0
x_p69  0
x_p70  0
x_p71  0
x_p72  0
x_p73  0
x_p74  0
x_p75  0
x_p76  0
x_p77  0
x_p78  0
x_p79  0
x_p80  0
x_p81  0
x_p82  0
x_p83  0
x_p84  0
x_p85  0
x_p86  0
x_p87  0
x_p88  0
x_p89  0
x_p90  0
x_p91  0
x_p92  0
x_p93  0
x_p94  0
x_p95  0
x_p96  0
x_p97  0
x_p98  0
x_p99  0
x_p100 0

mlr --from ./reg-test/input/x0to10.dat --oxtab head -n 2 then stats1 -i -f x -a p00,p01,p02,p03,p04,p05,p06,p07,p08,p09,p10,p11,p12,p13,p14,p15,p16,p17,p18,p19,p20,p21,p22,p23,p24,p25,p26,p27,p28,p29,p30,p31,p32,p33,p34,p35,p36,p37,p38,p39,p40,p41,p42,p43,p44,p45,p46,p47,p48,p49,p50,p51,p52,p53,p54,p55,p56,p57,p58,p59,p60,p61,p62,p63,p64,p65,p66,p67,p68,p69,p70,p71,p72,p73,p74,p75,p76,p77,p78,p79,p80,p81,p82,p83,p84,p85,p86,p87,p88,p89,p90,p91,p92,p93,p94,p95,p96,p97,p98,p99,p100
x_p00  0
x_p01  0.01
x_p02  0.02
x_p03  0.03
x_p04  0.04
x_p05  0.05
x_p06  0.06
x_p07  0.07
x_p08  0.08
x_p09  0.09
x_p10  0.1
x_p11  0.11
x_p12  0.12
x_p13  0.13
x_p14  0.14
x_p15  0.15
x_p16  0.16
x_p17  0.17
x_p18  0.18
x_p19  0.19
x_p20  0.2
x_p21  0.21
x_p22  0.22
x_p23  0.23
x_p24  0.24
x_p25  0.25
x_p26  0.26
x_p27  0.27
x_p28  0.28
x_p29  0.29
x_p30  0.3
x_p31  0.31
x_p32  0.32
x_p33  0.33
x_p34  0.34
x_p35  0.35
x_p36  0.36
x_p37  0.37
x_p38  0.38
x_p39  0.39
x_p40  0.4
x_p41  0.41
x_p42  0.42
x_p43  0.43
x_p44  0.44
x_p45  0.45
x_p46  0.46
x_p47  0.47
x_p48  0.48
x_p49  0.49
x_p50  0.5
x_p51  0.51
x_p52  0.52
x_p53  0.53
x_p54  0.54
x_p55  0.55
x_p56  0.56
x_p57  0.57
x_p58  0.58
x_p59  0.59
x_p60  0.6
x_p61  0.61
x_p62  0.62
x_p63  0.63
x_p64  0.64
x_p65  0.65
x_p66  0.66
x_p67  0.67
x_p68  0.68
x_p69  0.69
x_p70  0.7
x_p71  0.71
x_p72  0.72
x_p73  0.73
x_p74  0.74
x_p75  0.75
x_p76  0.76
x_p77  0.77
x_p78  0.78
x_p79  0.79
x_p80  0.8
x_p81  0.81
x_p82  0.82
x_p83  0.83
x_p84  0.84
x_p85  0.85
x_p86  0.86
x_p87  0.87
x_p88  0.88
x_p89  0.89
x_p90  0.9
x_p91  0.91
x_p92  0.92
x_p93  0.93
x_p94  0.94
x_p95  0.95
x_p96  0.96
x_p97  0.97
x_p98  0.98
x_p99  0.99
x_p100 1

mlr --from ./reg-test/input/x0to10.dat --oxtab head -n 3 then stats1 -i -f x -a p00,p01,p02,p03,p04,p05,p06,p07,p08,p09,p10,p11,p12,p13,p14,p15,p16,p17,p18,p19,p20,p21,p22,p23,p24,p25,p26,p27,p28,p29,p30,p31,p32,p33,p34,p35,p36,p37,p38,p39,p40,p41,p42,p43,p44,p45,p46,p47,p48,p49,p50,p51,p52,p53,p54,p55,p56,p57,p58,p59,p60,p61,p62,p63,p64,p65,p66,p67,p68,p69,p70,p71,p72,p73,p74,p75,p76,p77,p78,p79,p80,p81,p82,p83,p84,p85,p86,p87,p88,p89,p90,p91,p92,p93,p94,p95,p96,p97,p98,p99,p100
x_p00  0
x_p01  0.02
x_p02  0.04
x_p03  0.06
x_p04  0.08
x_p05  0.1
x_p06  0.12
x_p07  0.14
x_p08  0.16
x_p09  0.18
x_p10  0.2
x_p11  0.22
x_p12  0.24
x_p13  0.26
x_p14  0.28
x_p15  0.3
x_p16  0.32
x_p17  0.34
x_p18  0.36
x_p19  0.38
x_p20  0.4
x_p21  0.42
x_p22  0.44
x_p23  0.46
x_p24  0.48
x_p25  0.5
x_p26  0.52
x_p27  0.54
x_p28  0.56
x_p29  0.58
x_p30  0.6
x_p31  0.62
x_p32  0.64
x_p33  0.66
x_p34  0.68
x_p35  0.7
x_p36  0.72
x_p37  0.74
x_p38  0.76
x_p39  0.78
x_p40  0.8
x_p41  0.82
x_p42  0.84
x_p43  0.86
x_p44  0.88
x_p45  0.9
x_p46  0.92
x_p47  0.94
x_p48  0.96
x_p49  0.98
x_p50  1
x_p51  1.02
x_p52  1.04
x_p53  1.06
x_p54  1.08
x_p55  1.1
x_p56  1.12
x_p57  1.14
x_p58  1.16
x_p59  1.18
x_p60  1.2
x_p61  1.22
x_p62  1.24
x_p63  1.26
x_p64  1.28
x_p65  1.3
x_p66  1.32
x_p67  1.34
x_p68  1.36
x_p69  1.38
x_p70  1.4
x_p71  1.42
x_p72  1.44
x_p73  1.46
x_p74  1.48
x_p75  1.5
x_p76  1.52
x_p77  1.54
x_p78  1.56
x_p79  1.58
x_p80  1.6
x_p81  1.62
x_p82  1.64
x_p83  1.66
x_p84  1.68
x_p85  1.7
x_p86  1.72
x_p87  1.74
x_p88  1.76
x_p89  1.78
x_p90  1.8
x_p91  1.82
x_p92  1.84
x_p93  1.86
x_p94  1.88
x_p95  1.9
x_p96  1.92
x_p97  1.94
x_p98  1.96
x_p99  1.98
x_p100 2

mlr --from ./reg-test/input/x0to10.dat --oxtab head -n 4 then stats1 -i -f x -a p00,p01,p02,p03,p04,p05,p06,p07,p08,p09,p10,p11,p12,p13,p14,p15,p16,p17,p18,p19,p20,p21,p22,p23,p24,p25,p26,p27,p28,p29,p30,p31,p32,p33,p34,p35,p36,p37,p38,p39,p40,p41,p42,p43,p44,p45,p46,p47,p48,p49,p50,p51,p52,p53,p54,p55,p56,p57,p58,p59,p60,p61,p62,p63,p64,p65,p66,p67,p68,p69,p70,p71,p72,p73,p74,p75,p76,p77,p78,p79,p80,p81,p82,p83,p84,p85,p86,p87,p88,p89,p90,p91,p92,p93,p94,p95,p96,p97,p98,p99,p100
x_p00  0
x_p01  0.03
x_p02  0.06
x_p03  0.09
x_p04  0.12
x_p05  0.15000000000000002
x_p06  0.18
x_p07  0.21000000000000002
x_p08  0.24
x_p09  0.27
x_p10  0.30000000000000004
x_p11  0.33
x_p12  0.36
x_p13  0.39
x_p14  0.42000000000000004
x_p15  0.44999999999999996
x_p16  0.48
x_p17  0.51
x_p18  0.54
x_p19  0.5700000000000001
x_p20  0.6000000000000001
x_p21  0.63
x_p22  0.66
x_p23  0.6900000000000001
x_p24  0.72
x_p25  0.75
x_p26  0.78
x_p27  0.81
x_p28  0.8400000000000001
x_p29  0.8699999999999999
x_p30  0.8999999999999999
x_p31  0.9299999999999999
x_p32  0.96
x_p33  0.99
x_p34  1.02
x_p35  1.0499999999999998
x_p36  1.08
x_p37  1.1099999999999999
x_p38  1.1400000000000001
x_p39  1.17
x_p40  1.2000000000000002
x_p41  1.23
x_p42  1.26
x_p43  1.29
x_p44  1.32
x_p45  1.35
x_p46  1.3800000000000001
x_p47  1.41
x_p48  1.44
x_p49  1.47
x_p50  1.5
x_p51  1.53
x_p52  1.56
x_p53  1.59
x_p54  1.62
x_p55  1.6500000000000001
x_p56  1.6800000000000002
x_p57  1.71
x_p58  1.7399999999999998
x_p59  1.77
x_p60  1.7999999999999998
x_p61  1.83
x_p62  1.8599999999999999
x_p63  1.8900000000000001
x_p64  1.92
x_p65  1.9500000000000002
x_p66  1.98
x_p67  2.0100000000000002
x_p68  2.04
x_p69  2.07
x_p70  2.0999999999999996
x_p71  2.13
x_p72  2.16
x_p73  2.19
x_p74  2.2199999999999998
x_p75  2.25
x_p76  2.2800000000000002
x_p77  2.31
x_p78  2.34
x_p79  2.37
x_p80  2.4000000000000004
x_p81  2.43
x_p82  2.46
x_p83  2.4899999999999998
x_p84  2.52
x_p85  2.55
x_p86  2.58
x_p87  2.61
x_p88  2.64
x_p89  2.67
x_p90  2.7
x_p91  2.73
x_p92  2.7600000000000002
x_p93  2.79
x_p94  2.82
x_p95  2.8499999999999996
x_p96  2.88
x_p97  2.91
x_p98  2.94
x_p99  2.9699999999999998
x_p100 3

mlr --from ./reg-test/input/x0to10.dat --oxtab head -n 5 then stats1 -i -f x -a p00,p01,p02,p03,p04,p05,p06,p07,p08,p09,p10,p11,p12,p13,p14,p15,p16,p17,p18,p19,p20,p21,p22,p23,p24,p25,p26,p27,p28,p29,p30,p31,p32,p33,p34,p35,p36,p37,p38,p39,p40,p41,p42,p43,p44,p45,p46,p47,p48,p49,p50,p51,p52,p53,p54,p55,p56,p57,p58,p59,p60,p61,p62,p63,p64,p65,p66,p67,p68,p69,p70,p71,p72,p73,p74,p75,p76,p77,p78,p79,p80,p81,p82,p83,p84,p85,p86,p87,p88,p89,p90,p91,p92,p93,p94,p95,p96,p97,p98,p99,p100
x_p00  0
x_p01  0.04
x_p02  0.08
x_p03  0.12
x_p04  0.16
x_p05  0.2
x_p06  0.24
x_p07  0.28
x_p08  0.32
x_p09  0.36
x_p10  0.4
x_p11  0.44
x_p12  0.48
x_p13  0.52
x_p14  0.56
x_p15  0.6
x_p16  0.64
x_p17  0.68
x_p18  0.72
x_p19  0.76
x_p20  0.8
x_p21  0.84
x_p22  0.88
x_p23  0.92
x_p24  0.96
x_p25  1
x_p26  1.04
x_p27  1.08
x_p28  1.12
x_p29  1.16
x_p30  1.2
x_p31  1.24
x_p32  1.28
x_p33  1.32
x_p34  1.36
x_p35  1.4
x_p36  1.44
x_p37  1.48
x_p38  1.52
x_p39  1.56
x_p40  1.6
x_p41  1.64
x_p42  1.68
x_p43  1.72
x_p44  1.76
x_p45  1.8
x_p46  1.84
x_p47  1.88
x_p48  1.92
x_p49  1.96
x_p50  2
x_p51  2.04
x_p52  2.08
x_p53  2.12
x_p54  2.16
x_p55  2.2
x_p56  2.24
x_p57  2.28
x_p58  2.32
x_p59  2.36
x_p60  2.4
x_p61  2.44
x_p62  2.48
x_p63  2.52
x_p64  2.56
x_p65  2.6
x_p66  2.64
x_p67  2.68
x_p68  2.72
x_p69  2.76
x_p70  2.8
x_p71  2.84
x_p72  2.88
x_p73  2.92
x_p74  2.96
x_p75  3
x_p76  3.04
x_p77  3.08
x_p78  3.12
x_p79  3.16
x_p80  3.2
x_p81  3.24
x_p82  3.28
x_p83  3.32
x_p84  3.36
x_p85  3.4
x_p86  3.44
x_p87  3.48
x_p88  3.52
x_p89  3.56
x_p90  3.6
x_p91  3.64
x_p92  3.68
x_p93  3.72
x_p94  3.76
x_p95  3.8
x_p96  3.84
x_p97  3.88
x_p98  3.92
x_p99  3.96
x_p100 4

mlr --from ./reg-test/input/x0to10.dat --oxtab head -n 6 then stats1 -i -f x -a p00,p01,p02,p03,p04,p05,p06,p07,p08,p09,p10,p11,p12,p13,p14,p15,p16,p17,p18,p19,p20,p21,p22,p23,p24,p25,p26,p27,p28,p29,p30,p31,p32,p33,p34,p35,p36,p37,p38,p39,p40,p41,p42,p43,p44,p45,p46,p47,p48,p49,p50,p51,p52,p53,p54,p55,p56,p57,p58,p59,p60,p61,p62,p63,p64,p65,p66,p67,p68,p69,p70,p71,p72,p73,p74,p75,p76,p77,p78,p79,p80,p81,p82,p83,p84,p85,p86,p87,p88,p89,p90,p91,p92,p93,p94,p95,p96,p97,p98,p99,p100
x_p00  0
x_p01  0.05
x_p02  0.1
x_p03  0.15
x_p04  0.2
x_p05  0.25
x_p06  0.3
x_p07  0.35000000000000003
x_p08  0.4
x_p09  0.44999999999999996
x_p10  0.5
x_p11  0.55
x_p12  0.6
x_p13  0.65
x_p14  0.7000000000000001
x_p15  0.75
x_p16  0.8
x_p17  0.8500000000000001
x_p18  0.8999999999999999
x_p19  0.95
x_p20  1
x_p21  1.05
x_p22  1.1
x_p23  1.1500000000000001
x_p24  1.2
x_p25  1.25
x_p26  1.3
x_p27  1.35
x_p28  1.4000000000000001
x_p29  1.45
x_p30  1.5
x_p31  1.55
x_p32  1.6
x_p33  1.6500000000000001
x_p34  1.7000000000000002
x_p35  1.75
x_p36  1.7999999999999998
x_p37  1.85
x_p38  1.9
x_p39  1.9500000000000002
x_p40  2
x_p41  2.05
x_p42  2.1
x_p43  2.15
x_p44  2.2
x_p45  2.25
x_p46  2.3000000000000003
x_p47  2.3499999999999996
x_p48  2.4
x_p49  2.45
x_p50  2.5
x_p51  2.55
x_p52  2.6
x_p53  2.6500000000000004
x_p54  2.7
x_p55  2.75
x_p56  2.8000000000000003
x_p57  2.8499999999999996
x_p58  2.9
x_p59  2.9499999999999997
x_p60  3
x_p61  3.05
x_p62  3.1
x_p63  3.15
x_p64  3.2
x_p65  3.25
x_p66  3.3000000000000003
x_p67  3.35
x_p68  3.4000000000000004
x_p69  3.4499999999999997
x_p70  3.5
x_p71  3.55
x_p72  3.5999999999999996
x_p73  3.65
x_p74  3.7
x_p75  3.75
x_p76  3.8
x_p77  3.85
x_p78  3.9000000000000004
x_p79  3.95
x_p80  4
x_p81  4.050000000000001
x_p82  4.1
x_p83  4.1499999999999995
x_p84  4.2
x_p85  4.25
x_p86  4.3
x_p87  4.35
x_p88  4.4
x_p89  4.45
x_p90  4.5
x_p91  4.55
x_p92  4.6000000000000005
x_p93  4.65
x_p94  4.699999999999999
x_p95  4.75
x_p96  4.8
x_p97  4.85
x_p98  4.9
x_p99  4.95
x_p100 5

mlr --from ./reg-test/input/x0to10.dat --oxtab head -n 7 then stats1 -i -f x -a p00,p01,p02,p03,p04,p05,p06,p07,p08,p09,p10,p11,p12,p13,p14,p15,p16,p17,p18,p19,p20,p21,p22,p23,p24,p25,p26,p27,p28,p29,p30,p31,p32,p33,p34,p35,p36,p37,p38,p39,p40,p41,p42,p43,p44,p45,p46,p47,p48,p49,p50,p51,p52,p53,p54,p55,p56,p57,p58,p59,p60,p61,p62,p63,p64,p65,p66,p67,p68,p69,p70,p71,p72,p73,p74,p75,p76,p77,p78,p79,p80,p81,p82,p83,p84,p85,p86,p87,p88,p89,p90,p91,p92,p93,p94,p95,p96,p97,p98,p99,p100
x_p00  0
x_p01  0.06
x_p02  0.12
x_p03  0.18
x_p04  0.24
x_p05  0.30000000000000004
x_p06  0.36
x_p07  0.42000000000000004
x_p08  0.48
x_p09  0.54
x_p10  0.6000000000000001
x_p11  0.66
x_p12  0.72
x_p13  0.78
x_p14  0.8400000000000001
x_p15  0.8999999999999999
x_p16  0.96
x_p17  1.02
x_p18  1.08
x_p19  1.1400000000000001
x_p20  1.2000000000000002
x_p21  1.26
x_p22  1.32
x_p23  1.3800000000000001
x_p24  1.44
x_p25  1.5
x_p26  1.56
x_p27  1.62
x_p28  1.6800000000000002
x_p29  1.7399999999999998
x_p30  1.7999999999999998
x_p31  1.8599999999999999
x_p32  1.92
x_p33  1.98
x_p34  2.04
x_p35  2.0999999999999996
x_p36  2.16
x_p37  2.2199999999999998
x_p38  2.2800000000000002
x_p39  2.34
x_p40  2.4000000000000004
x_p41  2.46
x_p42  2.52
x_p43  2.58
x_p44  2.64
x_p45  2.7
x_p46  2.7600000000000002
x_p47  2.82
x_p48  2.88
x_p49  2.94
x_p50  3
x_p51  3.06
x_p52  3.12
x_p53  3.18
x_p54  3.24
x_p55  3.3000000000000003
x_p56  3.3600000000000003
x_p57  3.42
x_p58  3.4799999999999995
x_p59  3.54
x_p60  3.5999999999999996
x_p61  3.66
x_p62  3.7199999999999998
x_p63  3.7800000000000002
x_p64  3.84
x_p65  3.9000000000000004
x_p66  3.96
x_p67  4.0200000000000005
x_p68  4.08
x_p69  4.14
x_p70  4.199999999999999
x_p71  4.26
x_p72  4.32
x_p73  4.38
x_p74  4.4399999999999995
x_p75  4.5
x_p76  4.5600000000000005
x_p77  4.62
x_p78  4.68
x_p79  4.74
x_p80  4.800000000000001
x_p81  4.86
x_p82  4.92
x_p83  4.9799999999999995
x_p84  5.04
x_p85  5.1
x_p86  5.16
x_p87  5.22
x_p88  5.28
x_p89  5.34
x_p90  5.4
x_p91  5.46
x_p92  5.5200000000000005
x_p93  5.58
x_p94  5.64
x_p95  5.699999999999999
x_p96  5.76
x_p97  5.82
x_p98  5.88
x_p99  5.9399999999999995
x_p100 6

mlr --from ./reg-test/input/x0to10.dat --oxtab head -n 8 then stats1 -i -f x -a p00,p01,p02,p03,p04,p05,p06,p07,p08,p09,p10,p11,p12,p13,p14,p15,p16,p17,p18,p19,p20,p21,p22,p23,p24,p25,p26,p27,p28,p29,p30,p31,p32,p33,p34,p35,p36,p37,p38,p39,p40,p41,p42,p43,p44,p45,p46,p47,p48,p49,p50,p51,p52,p53,p54,p55,p56,p57,p58,p59,p60,p61,p62,p63,p64,p65,p66,p67,p68,p69,p70,p71,p72,p73,p74,p75,p76,p77,p78,p79,p80,p81,p82,p83,p84,p85,p86,p87,p88,p89,p90,p91,p92,p93,p94,p95,p96,p97,p98,p99,p100
x_p00  0
x_p01  0.07
x_p02  0.14
x_p03  0.21
x_p04  0.28
x_p05  0.35000000000000003
x_p06  0.42
x_p07  0.49000000000000005
x_p08  0.56
x_p09  0.63
x_p10  0.7000000000000001
x_p11  0.77
x_p12  0.84
x_p13  0.91
x_p14  0.9800000000000001
x_p15  1.05
x_p16  1.12
x_p17  1.1900000000000002
x_p18  1.26
x_p19  1.33
x_p20  1.4000000000000001
x_p21  1.47
x_p22  1.54
x_p23  1.61
x_p24  1.68
x_p25  1.75
x_p26  1.82
x_p27  1.8900000000000001
x_p28  1.9600000000000002
x_p29  2.03
x_p30  2.1
x_p31  2.17
x_p32  2.24
x_p33  2.31
x_p34  2.3800000000000003
x_p35  2.4499999999999997
x_p36  2.52
x_p37  2.59
x_p38  2.66
x_p39  2.73
x_p40  2.8000000000000003
x_p41  2.8699999999999997
x_p42  2.94
x_p43  3.01
x_p44  3.08
x_p45  3.15
x_p46  3.22
x_p47  3.29
x_p48  3.36
x_p49  3.4299999999999997
x_p50  3.5
x_p51  3.5700000000000003
x_p52  3.64
x_p53  3.71
x_p54  3.7800000000000002
x_p55  3.8500000000000005
x_p56  3.9200000000000004
x_p57  3.9899999999999998
x_p58  4.06
x_p59  4.13
x_p60  4.2
x_p61  4.27
x_p62  4.34
x_p63  4.41
x_p64  4.48
x_p65  4.55
x_p66  4.62
x_p67  4.69
x_p68  4.760000000000001
x_p69  4.83
x_p70  4.8999999999999995
x_p71  4.97
x_p72  5.04
x_p73  5.109999999999999
x_p74  5.18
x_p75  5.25
x_p76  5.32
x_p77  5.390000000000001
x_p78  5.46
x_p79  5.53
x_p80  5.6000000000000005
x_p81  5.67
x_p82  5.739999999999999
x_p83  5.81
x_p84  5.88
x_p85  5.95
x_p86  6.02
x_p87  6.09
x_p88  6.16
x_p89  6.23
x_p90  6.3
x_p91  6.37
x_p92  6.44
x_p93  6.510000000000001
x_p94  6.58
x_p95  6.6499999999999995
x_p96  6.72
x_p97  6.79
x_p98  6.859999999999999
x_p99  6.93
x_p100 7

mlr --from ./reg-test/input/x0to10.dat --oxtab head -n 9 then stats1 -i -f x -a p00,p01,p02,p03,p04,p05,p06,p07,p08,p09,p10,p11,p12,p13,p14,p15,p16,p17,p18,p19,p20,p21,p22,p23,p24,p25,p26,p27,p28,p29,p30,p31,p32,p33,p34,p35,p36,p37,p38,p39,p40,p41,p42,p43,p44,p45,p46,p47,p48,p49,p50,p51,p52,p53,p54,p55,p56,p57,p58,p59,p60,p61,p62,p63,p64,p65,p66,p67,p68,p69,p70,p71,p72,p73,p74,p75,p76,p77,p78,p79,p80,p81,p82,p83,p84,p85,p86,p87,p88,p89,p90,p91,p92,p93,p94,p95,p96,p97,p98,p99,p100
x_p00  0
x_p01  0.08
x_p02  0.16
x_p03  0.24
x_p04  0.32
x_p05  0.4
x_p06  0.48
x_p07  0.56
x_p08  0.64
x_p09  0.72
x_p10  0.8
x_p11  0.88
x_p12  0.96
x_p13  1.04
x_p14  1.12
x_p15  1.2
x_p16  1.28
x_p17  1.36
x_p18  1.44
x_p19  1.52
x_p20  1.6
x_p21  1.68
x_p22  1.76
x_p23  1.84
x_p24  1.92
x_p25  2
x_p26  2.08
x_p27  2.16
x_p28  2.24
x_p29  2.32
x_p30  2.4
x_p31  2.48
x_p32  2.56
x_p33  2.64
x_p34  2.72
x_p35  2.8
x_p36  2.88
x_p37  2.96
x_p38  3.04
x_p39  3.12
x_p40  3.2
x_p41  3.28
x_p42  3.36
x_p43  3.44
x_p44  3.52
x_p45  3.6
x_p46  3.68
x_p47  3.76
x_p48  3.84
x_p49  3.92
x_p50  4
x_p51  4.08
x_p52  4.16
x_p53  4.24
x_p54  4.32
x_p55  4.4
x_p56  4.48
x_p57  4.56
x_p58  4.64
x_p59  4.72
x_p60  4.8
x_p61  4.88
x_p62  4.96
x_p63  5.04
x_p64  5.12
x_p65  5.2
x_p66  5.28
x_p67  5.36
x_p68  5.44
x_p69  5.52
x_p70  5.6
x_p71  5.68
x_p72  5.76
x_p73  5.84
x_p74  5.92
x_p75  6
x_p76  6.08
x_p77  6.16
x_p78  6.24
x_p79  6.32
x_p80  6.4
x_p81  6.48
x_p82  6.56
x_p83  6.64
x_p84  6.72
x_p85  6.8
x_p86  6.88
x_p87  6.96
x_p88  7.04
x_p89  7.12
x_p90  7.2
x_p91  7.28
x_p92  7.36
x_p93  7.44
x_p94  7.52
x_p95  7.6
x_p96  7.68
x_p97  7.76
x_p98  7.84
x_p99  7.92
x_p100 8

mlr --from ./reg-test/input/x0to10.dat --oxtab head -n 10 then stats1 -i -f x -a p00,p01,p02,p03,p04,p05,p06,p07,p08,p09,p10,p11,p12,p13,p14,p15,p16,p17,p18,p19,p20,p21,p22,p23,p24,p25,p26,p27,p28,p29,p30,p31,p32,p33,p34,p35,p36,p37,p38,p39,p40,p41,p42,p43,p44,p45,p46,p47,p48,p49,p50,p51,p52,p53,p54,p55,p56,p57,p58,p59,p60,p61,p62,p63,p64,p65,p66,p67,p68,p69,p70,p71,p72,p73,p74,p75,p76,p77,p78,p79,p80,p81,p82,p83,p84,p85,p86,p87,p88,p89,p90,p91,p92,p93,p94,p95,p96,p97,p98,p99,p100
x_p00  0
x_p01  0.09
x_p02  0.18
x_p03  0.27
x_p04  0.36
x_p05  0.45
x_p06  0.54
x_p07  0.6300000000000001
x_p08  0.72
x_p09  0.8099999999999999
x_p10  0.9
x_p11  0.99
x_p12  1.08
x_p13  1.17
x_p14  1.2600000000000002
x_p15  1.3499999999999999
x_p16  1.44
x_p17  1.53
x_p18  1.6199999999999999
x_p19  1.71
x_p20  1.8
x_p21  1.89
x_p22  1.98
x_p23  2.0700000000000003
x_p24  2.16
x_p25  2.25
x_p26  2.34
x_p27  2.43
x_p28  2.5200000000000005
x_p29  2.61
x_p30  2.6999999999999997
x_p31  2.79
x_p32  2.88
x_p33  2.97
x_p34  3.06
x_p35  3.15
x_p36  3.2399999999999998
x_p37  3.33
x_p38  3.42
x_p39  3.5100000000000002
x_p40  3.6
x_p41  3.69
x_p42  3.78
x_p43  3.87
x_p44  3.96
x_p45  4.05
x_p46  4.140000000000001
x_p47  4.2299999999999995
x_p48  4.32
x_p49  4.41
x_p50  4.5
x_p51  4.59
x_p52  4.68
x_p53  4.7700000000000005
x_p54  4.86
x_p55  4.95
x_p56  5.040000000000001
x_p57  5.13
x_p58  5.22
x_p59  5.31
x_p60  5.3999999999999995
x_p61  5.49
x_p62  5.58
x_p63  5.67
x_p64  5.76
x_p65  5.8500000000000005
x_p66  5.94
x_p67  6.03
x_p68  6.12
x_p69  6.209999999999999
x_p70  6.3
x_p71  6.39
x_p72  6.4799999999999995
x_p73  6.57
x_p74  6.66
x_p75  6.75
x_p76  6.84
x_p77  6.93
x_p78  7.0200000000000005
x_p79  7.11
x_p80  7.2
x_p81  7.290000000000001
x_p82  7.38
x_p83  7.47
x_p84  7.56
x_p85  7.6499999999999995
x_p86  7.74
x_p87  7.83
x_p88  7.92
x_p89  8.01
x_p90  8.1
x_p91  8.19
x_p92  8.280000000000001
x_p93  8.370000000000001
x_p94  8.459999999999999
x_p95  8.549999999999999
x_p96  8.64
x_p97  8.73
x_p98  8.82
x_p99  8.91
x_p100 9

mlr --from ./reg-test/input/x0to10.dat --oxtab head -n 11 then stats1 -i -f x -a p00,p01,p02,p03,p04,p05,p06,p07,p08,p09,p10,p11,p12,p13,p14,p15,p16,p17,p18,p19,p20,p21,p22,p23,p24,p25,p26,p27,p28,p29,p30,p31,p32,p33,p34,p35,p36,p37,p38,p39,p40,p41,p42,p43,p44,p45,p46,p47,p48,p49,p50,p51,p52,p53,p54,p55,p56,p57,p58,p59,p60,p61,p62,p63,p64,p65,p66,p67,p68,p69,p70,p71,p72,p73,p74,p75,p76,p77,p78,p79,p80,p81,p82,p83,p84,p85,p86,p87,p88,p89,p90,p91,p92,p93,p94,p95,p96,p97,p98,p99,p100
x_p00  0
x_p01  0.1
x_p02  0.2
x_p03  0.3
x_p04  0.4
x_p05  0.5
x_p06  0.6
x_p07  0.7000000000000001
x_p08  0.8
x_p09  0.8999999999999999
x_p10  1
x_p11  1.1
x_p12  1.2
x_p13  1.3
x_p14  1.4000000000000001
x_p15  1.5
x_p16  1.6
x_p17  1.7000000000000002
x_p18  1.7999999999999998
x_p19  1.9
x_p20  2
x_p21  2.1
x_p22  2.2
x_p23  2.3000000000000003
x_p24  2.4
x_p25  2.5
x_p26  2.6
x_p27  2.7
x_p28  2.8000000000000003
x_p29  2.9
x_p30  3
x_p31  3.1
x_p32  3.2
x_p33  3.3000000000000003
x_p34  3.4000000000000004
x_p35  3.5
x_p36  3.5999999999999996
x_p37  3.7
x_p38  3.8
x_p39  3.9000000000000004
x_p40  4
x_p41  4.1
x_p42  4.2
x_p43  4.3
x_p44  4.4
x_p45  4.5
x_p46  4.6000000000000005
x_p47  4.699999999999999
x_p48  4.8
x_p49  4.9
x_p50  5
x_p51  5.1
x_p52  5.2
x_p53  5.300000000000001
x_p54  5.4
x_p55  5.5
x_p56  5.6000000000000005
x_p57  5.699999999999999
x_p58  5.8
x_p59  5.8999999999999995
x_p60  6
x_p61  6.1
x_p62  6.2
x_p63  6.3
x_p64  6.4
x_p65  6.5
x_p66  6.6000000000000005
x_p67  6.7
x_p68  6.800000000000001
x_p69  6.8999999999999995
x_p70  7
x_p71  7.1
x_p72  7.199999999999999
x_p73  7.3
x_p74  7.4
x_p75  7.5
x_p76  7.6
x_p77  7.7
x_p78  7.800000000000001
x_p79  7.9
x_p80  8
x_p81  8.100000000000001
x_p82  8.2
x_p83  8.299999999999999
x_p84  8.4
x_p85  8.5
x_p86  8.6
x_p87  8.7
x_p88  8.8
x_p89  8.9
x_p90  9
x_p91  9.1
x_p92  9.200000000000001
x_p93  9.3
x_p94  9.399999999999999
x_p95  9.5
x_p96  9.6
x_p97  9.7
x_p98  9.8
x_p99  9.9
x_p100 10

