
mlr put -v while($i < 5) { $i += 1} ./reg_test/input/abixy
RAW AST:

AST ROOT:
text="block", type=STATEMENT_BLOCK:
    text="while", type=WHILE:
        text="<", type=OPERATOR:
            text="i", type=FIELD_NAME.
            text="5", type=NUMERIC_LITERAL.
        text="while_block", type=STATEMENT_BLOCK:
            text="=", type=SREC_ASSIGNMENT:
                text="i", type=FIELD_NAME.
                text="+", type=OPERATOR:
                    text="i", type=FIELD_NAME.
                    text="1", type=NUMERIC_LITERAL.

BLOCKED AST:

MAIN BLOCK:
text="main_block", type=STATEMENT_BLOCK: subframe_var_count=1 max_subframe_depth=2 max_var_depth=1
    text="while", type=WHILE:
        text="<", type=OPERATOR:
            text="i", type=FIELD_NAME.
            text="5", type=NUMERIC_LITERAL.
        text="while_block", type=STATEMENT_BLOCK: subframe_var_count=0
            text="=", type=SREC_ASSIGNMENT:
                text="i", type=FIELD_NAME.
                text="+", type=OPERATOR:
                    text="i", type=FIELD_NAME.
                    text="1", type=NUMERIC_LITERAL.

a=pan,b=pan,i=5,x=0.3467901443380824,y=0.7268028627434533
a=eks,b=pan,i=5,x=0.7586799647899636,y=0.5221511083334797
a=wye,b=wye,i=5,x=0.20460330576630303,y=0.33831852551664776
a=eks,b=wye,i=5,x=0.38139939387114097,y=0.13418874328430463
a=wye,b=pan,i=5,x=0.5732889198020006,y=0.8636244699032729
a=zee,b=pan,i=6,x=0.5271261600918548,y=0.49322128674835697
a=eks,b=zee,i=7,x=0.6117840605678454,y=0.1878849191181694
a=zee,b=wye,i=8,x=0.5985540091064224,y=0.976181385699006
a=hat,b=wye,i=9,x=0.03144187646093577,y=0.7495507603507059
a=pan,b=wye,i=10,x=0.5026260055412137,y=0.9526183602969864

mlr put -v do {$i += 1} while($i < 5) ./reg_test/input/abixy
RAW AST:

AST ROOT:
text="block", type=STATEMENT_BLOCK:
    text="do", type=DO_WHILE:
        text="do_while_block", type=STATEMENT_BLOCK:
            text="=", type=SREC_ASSIGNMENT:
                text="i", type=FIELD_NAME.
                text="+", type=OPERATOR:
                    text="i", type=FIELD_NAME.
                    text="1", type=NUMERIC_LITERAL.
        text="<", type=OPERATOR:
            text="i", type=FIELD_NAME.
            text="5", type=NUMERIC_LITERAL.

BLOCKED AST:

MAIN BLOCK:
text="main_block", type=STATEMENT_BLOCK: subframe_var_count=1 max_subframe_depth=2 max_var_depth=1
    text="do", type=DO_WHILE:
        text="do_while_block", type=STATEMENT_BLOCK: subframe_var_count=0
            text="=", type=SREC_ASSIGNMENT:
                text="i", type=FIELD_NAME.
                text="+", type=OPERATOR:
                    text="i", type=FIELD_NAME.
                    text="1", type=NUMERIC_LITERAL.
        text="<", type=OPERATOR:
            text="i", type=FIELD_NAME.
            text="5", type=NUMERIC_LITERAL.

a=pan,b=pan,i=5,x=0.3467901443380824,y=0.7268028627434533
a=eks,b=pan,i=5,x=0.7586799647899636,y=0.5221511083334797
a=wye,b=wye,i=5,x=0.20460330576630303,y=0.33831852551664776
a=eks,b=wye,i=5,x=0.38139939387114097,y=0.13418874328430463
a=wye,b=pan,i=6,x=0.5732889198020006,y=0.8636244699032729
a=zee,b=pan,i=7,x=0.5271261600918548,y=0.49322128674835697
a=eks,b=zee,i=8,x=0.6117840605678454,y=0.1878849191181694
a=zee,b=wye,i=9,x=0.5985540091064224,y=0.976181385699006
a=hat,b=wye,i=10,x=0.03144187646093577,y=0.7495507603507059
a=pan,b=wye,i=11,x=0.5026260055412137,y=0.9526183602969864

