
mlr --icsvlite --opprint put $langue = toupper($langue) ./reg_test/input/utf8-1.csv
langue   nom      jour
FRANÇAIS françois vendredi
ŽUSZ     éloignée -

mlr --icsvlite --opprint put $nom    = toupper($nom) ./reg_test/input/utf8-1.csv
langue   nom      jour
français FRANÇOIS vendredi
žusz     ÉLOIGNÉE -

mlr --icsvlite --opprint put $jour   = toupper($jour) ./reg_test/input/utf8-1.csv
langue   nom      jour
français françois VENDREDI
žusz     éloignée -

mlr --icsvlite --opprint put $langue = capitalize($langue) ./reg_test/input/utf8-1.csv
langue   nom      jour
Français françois vendredi
Žusz     éloignée -

mlr --icsvlite --opprint put $nom    = capitalize($nom) ./reg_test/input/utf8-1.csv
langue   nom      jour
français François vendredi
žusz     Éloignée -

mlr --icsvlite --opprint put $jour   = capitalize($jour) ./reg_test/input/utf8-1.csv
langue   nom      jour
français françois Vendredi
žusz     éloignée -

