
mlr --d2t cat ./reg_test/input/abixy.dkvp
a	b	i	x	y
pan	pan	1	0.3467901443380824	0.7268028627434533
eks	pan	2	0.7586799647899636	0.5221511083334797
wye	wye	3	0.20460330576630303	0.33831852551664776
eks	wye	4	0.38139939387114097	0.13418874328430463
wye	pan	5	0.5732889198020006	0.8636244699032729
zee	pan	6	0.5271261600918548	0.49322128674835697
eks	zee	7	0.6117840605678454	0.1878849191181694
zee	wye	8	0.5985540091064224	0.976181385699006
hat	wye	9	0.03144187646093577	0.7495507603507059
pan	wye	10	0.5026260055412137	0.9526183602969864

mlr --d2n cat ./reg_test/input/abixy.dkvp
pan pan 1 0.3467901443380824 0.7268028627434533
eks pan 2 0.7586799647899636 0.5221511083334797
wye wye 3 0.20460330576630303 0.33831852551664776
eks wye 4 0.38139939387114097 0.13418874328430463
wye pan 5 0.5732889198020006 0.8636244699032729
zee pan 6 0.5271261600918548 0.49322128674835697
eks zee 7 0.6117840605678454 0.1878849191181694
zee wye 8 0.5985540091064224 0.976181385699006
hat wye 9 0.03144187646093577 0.7495507603507059
pan wye 10 0.5026260055412137 0.9526183602969864

mlr --d2j cat ./reg_test/input/abixy.dkvp
{ "a": "pan", "b": "pan", "i": 1, "x": 0.3467901443380824, "y": 0.7268028627434533 }
{ "a": "eks", "b": "pan", "i": 2, "x": 0.7586799647899636, "y": 0.5221511083334797 }
{ "a": "wye", "b": "wye", "i": 3, "x": 0.20460330576630303, "y": 0.33831852551664776 }
{ "a": "eks", "b": "wye", "i": 4, "x": 0.38139939387114097, "y": 0.13418874328430463 }
{ "a": "wye", "b": "pan", "i": 5, "x": 0.5732889198020006, "y": 0.8636244699032729 }
{ "a": "zee", "b": "pan", "i": 6, "x": 0.5271261600918548, "y": 0.49322128674835697 }
{ "a": "eks", "b": "zee", "i": 7, "x": 0.6117840605678454, "y": 0.1878849191181694 }
{ "a": "zee", "b": "wye", "i": 8, "x": 0.5985540091064224, "y": 0.976181385699006 }
{ "a": "hat", "b": "wye", "i": 9, "x": 0.03144187646093577, "y": 0.7495507603507059 }
{ "a": "pan", "b": "wye", "i": 10, "x": 0.5026260055412137, "y": 0.9526183602969864 }

mlr --d2p cat ./reg_test/input/abixy.dkvp
a   b   i  x                   y
pan pan 1  0.3467901443380824  0.7268028627434533
eks pan 2  0.7586799647899636  0.5221511083334797
wye wye 3  0.20460330576630303 0.33831852551664776
eks wye 4  0.38139939387114097 0.13418874328430463
wye pan 5  0.5732889198020006  0.8636244699032729
zee pan 6  0.5271261600918548  0.49322128674835697
eks zee 7  0.6117840605678454  0.1878849191181694
zee wye 8  0.5985540091064224  0.976181385699006
hat wye 9  0.03144187646093577 0.7495507603507059
pan wye 10 0.5026260055412137  0.9526183602969864

mlr --d2x cat ./reg_test/input/abixy.dkvp
a pan
b pan
i 1
x 0.3467901443380824
y 0.7268028627434533

a eks
b pan
i 2
x 0.7586799647899636
y 0.5221511083334797

a wye
b wye
i 3
x 0.20460330576630303
y 0.33831852551664776

a eks
b wye
i 4
x 0.38139939387114097
y 0.13418874328430463

a wye
b pan
i 5
x 0.5732889198020006
y 0.8636244699032729

a zee
b pan
i 6
x 0.5271261600918548
y 0.49322128674835697

a eks
b zee
i 7
x 0.6117840605678454
y 0.1878849191181694

a zee
b wye
i 8
x 0.5985540091064224
y 0.976181385699006

a hat
b wye
i 9
x 0.03144187646093577
y 0.7495507603507059

a pan
b wye
i 10
x 0.5026260055412137
y 0.9526183602969864

mlr --d2m cat ./reg_test/input/abixy.dkvp
| a | b | i | x | y |
| --- | --- | --- | --- | --- |
| pan | pan | 1 | 0.3467901443380824 | 0.7268028627434533 |
| eks | pan | 2 | 0.7586799647899636 | 0.5221511083334797 |
| wye | wye | 3 | 0.20460330576630303 | 0.33831852551664776 |
| eks | wye | 4 | 0.38139939387114097 | 0.13418874328430463 |
| wye | pan | 5 | 0.5732889198020006 | 0.8636244699032729 |
| zee | pan | 6 | 0.5271261600918548 | 0.49322128674835697 |
| eks | zee | 7 | 0.6117840605678454 | 0.1878849191181694 |
| zee | wye | 8 | 0.5985540091064224 | 0.976181385699006 |
| hat | wye | 9 | 0.03144187646093577 | 0.7495507603507059 |
| pan | wye | 10 | 0.5026260055412137 | 0.9526183602969864 |

mlr --c2t cat ./reg_test/input/abixy.csv
a	b	i	x	y
pan	pan	1	0.3467901443380824	0.7268028627434533
eks	pan	2	0.7586799647899636	0.5221511083334797
wye	wye	3	0.20460330576630303	0.33831852551664776
eks	wye	4	0.38139939387114097	0.13418874328430463
wye	pan	5	0.5732889198020006	0.8636244699032729
zee	pan	6	0.5271261600918548	0.49322128674835697
eks	zee	7	0.6117840605678454	0.1878849191181694
zee	wye	8	0.5985540091064224	0.976181385699006
hat	wye	9	0.03144187646093577	0.7495507603507059
pan	wye	10	0.5026260055412137	0.9526183602969864

mlr --c2d cat ./reg_test/input/abixy.csv
a=pan,b=pan,i=1,x=0.3467901443380824,y=0.7268028627434533
a=eks,b=pan,i=2,x=0.7586799647899636,y=0.5221511083334797
a=wye,b=wye,i=3,x=0.20460330576630303,y=0.33831852551664776
a=eks,b=wye,i=4,x=0.38139939387114097,y=0.13418874328430463
a=wye,b=pan,i=5,x=0.5732889198020006,y=0.8636244699032729
a=zee,b=pan,i=6,x=0.5271261600918548,y=0.49322128674835697
a=eks,b=zee,i=7,x=0.6117840605678454,y=0.1878849191181694
a=zee,b=wye,i=8,x=0.5985540091064224,y=0.976181385699006
a=hat,b=wye,i=9,x=0.03144187646093577,y=0.7495507603507059
a=pan,b=wye,i=10,x=0.5026260055412137,y=0.9526183602969864

mlr --c2n cat ./reg_test/input/abixy.csv
pan pan 1 0.3467901443380824 0.7268028627434533
eks pan 2 0.7586799647899636 0.5221511083334797
wye wye 3 0.20460330576630303 0.33831852551664776
eks wye 4 0.38139939387114097 0.13418874328430463
wye pan 5 0.5732889198020006 0.8636244699032729
zee pan 6 0.5271261600918548 0.49322128674835697
eks zee 7 0.6117840605678454 0.1878849191181694
zee wye 8 0.5985540091064224 0.976181385699006
hat wye 9 0.03144187646093577 0.7495507603507059
pan wye 10 0.5026260055412137 0.9526183602969864

mlr --c2j cat ./reg_test/input/abixy.csv
{ "a": "pan", "b": "pan", "i": 1, "x": 0.3467901443380824, "y": 0.7268028627434533 }
{ "a": "eks", "b": "pan", "i": 2, "x": 0.7586799647899636, "y": 0.5221511083334797 }
{ "a": "wye", "b": "wye", "i": 3, "x": 0.20460330576630303, "y": 0.33831852551664776 }
{ "a": "eks", "b": "wye", "i": 4, "x": 0.38139939387114097, "y": 0.13418874328430463 }
{ "a": "wye", "b": "pan", "i": 5, "x": 0.5732889198020006, "y": 0.8636244699032729 }
{ "a": "zee", "b": "pan", "i": 6, "x": 0.5271261600918548, "y": 0.49322128674835697 }
{ "a": "eks", "b": "zee", "i": 7, "x": 0.6117840605678454, "y": 0.1878849191181694 }
{ "a": "zee", "b": "wye", "i": 8, "x": 0.5985540091064224, "y": 0.976181385699006 }
{ "a": "hat", "b": "wye", "i": 9, "x": 0.03144187646093577, "y": 0.7495507603507059 }
{ "a": "pan", "b": "wye", "i": 10, "x": 0.5026260055412137, "y": 0.9526183602969864 }

mlr --c2p cat ./reg_test/input/abixy.csv
a   b   i  x                   y
pan pan 1  0.3467901443380824  0.7268028627434533
eks pan 2  0.7586799647899636  0.5221511083334797
wye wye 3  0.20460330576630303 0.33831852551664776
eks wye 4  0.38139939387114097 0.13418874328430463
wye pan 5  0.5732889198020006  0.8636244699032729
zee pan 6  0.5271261600918548  0.49322128674835697
eks zee 7  0.6117840605678454  0.1878849191181694
zee wye 8  0.5985540091064224  0.976181385699006
hat wye 9  0.03144187646093577 0.7495507603507059
pan wye 10 0.5026260055412137  0.9526183602969864

mlr --c2x cat ./reg_test/input/abixy.csv
a pan
b pan
i 1
x 0.3467901443380824
y 0.7268028627434533

a eks
b pan
i 2
x 0.7586799647899636
y 0.5221511083334797

a wye
b wye
i 3
x 0.20460330576630303
y 0.33831852551664776

a eks
b wye
i 4
x 0.38139939387114097
y 0.13418874328430463

a wye
b pan
i 5
x 0.5732889198020006
y 0.8636244699032729

a zee
b pan
i 6
x 0.5271261600918548
y 0.49322128674835697

a eks
b zee
i 7
x 0.6117840605678454
y 0.1878849191181694

a zee
b wye
i 8
x 0.5985540091064224
y 0.976181385699006

a hat
b wye
i 9
x 0.03144187646093577
y 0.7495507603507059

a pan
b wye
i 10
x 0.5026260055412137
y 0.9526183602969864

mlr --c2m cat ./reg_test/input/abixy.csv
| a | b | i | x | y |
| --- | --- | --- | --- | --- |
| pan | pan | 1 | 0.3467901443380824 | 0.7268028627434533 |
| eks | pan | 2 | 0.7586799647899636 | 0.5221511083334797 |
| wye | wye | 3 | 0.20460330576630303 | 0.33831852551664776 |
| eks | wye | 4 | 0.38139939387114097 | 0.13418874328430463 |
| wye | pan | 5 | 0.5732889198020006 | 0.8636244699032729 |
| zee | pan | 6 | 0.5271261600918548 | 0.49322128674835697 |
| eks | zee | 7 | 0.6117840605678454 | 0.1878849191181694 |
| zee | wye | 8 | 0.5985540091064224 | 0.976181385699006 |
| hat | wye | 9 | 0.03144187646093577 | 0.7495507603507059 |
| pan | wye | 10 | 0.5026260055412137 | 0.9526183602969864 |

mlr --t2c cat ./reg_test/input/abixy.tsv
a,b,i,x,y
pan,pan,1,0.3467901443380824,0.7268028627434533
eks,pan,2,0.7586799647899636,0.5221511083334797
wye,wye,3,0.20460330576630303,0.33831852551664776
eks,wye,4,0.38139939387114097,0.13418874328430463
wye,pan,5,0.5732889198020006,0.8636244699032729
zee,pan,6,0.5271261600918548,0.49322128674835697
eks,zee,7,0.6117840605678454,0.1878849191181694
zee,wye,8,0.5985540091064224,0.976181385699006
hat,wye,9,0.03144187646093577,0.7495507603507059
pan,wye,10,0.5026260055412137,0.9526183602969864

mlr --t2d cat ./reg_test/input/abixy.tsv
a=pan,b=pan,i=1,x=0.3467901443380824,y=0.7268028627434533
a=eks,b=pan,i=2,x=0.7586799647899636,y=0.5221511083334797
a=wye,b=wye,i=3,x=0.20460330576630303,y=0.33831852551664776
a=eks,b=wye,i=4,x=0.38139939387114097,y=0.13418874328430463
a=wye,b=pan,i=5,x=0.5732889198020006,y=0.8636244699032729
a=zee,b=pan,i=6,x=0.5271261600918548,y=0.49322128674835697
a=eks,b=zee,i=7,x=0.6117840605678454,y=0.1878849191181694
a=zee,b=wye,i=8,x=0.5985540091064224,y=0.976181385699006
a=hat,b=wye,i=9,x=0.03144187646093577,y=0.7495507603507059
a=pan,b=wye,i=10,x=0.5026260055412137,y=0.9526183602969864

mlr --t2n cat ./reg_test/input/abixy.tsv
pan pan 1 0.3467901443380824 0.7268028627434533
eks pan 2 0.7586799647899636 0.5221511083334797
wye wye 3 0.20460330576630303 0.33831852551664776
eks wye 4 0.38139939387114097 0.13418874328430463
wye pan 5 0.5732889198020006 0.8636244699032729
zee pan 6 0.5271261600918548 0.49322128674835697
eks zee 7 0.6117840605678454 0.1878849191181694
zee wye 8 0.5985540091064224 0.976181385699006
hat wye 9 0.03144187646093577 0.7495507603507059
pan wye 10 0.5026260055412137 0.9526183602969864

mlr --t2j cat ./reg_test/input/abixy.tsv
{ "a": "pan", "b": "pan", "i": 1, "x": 0.3467901443380824, "y": 0.7268028627434533 }
{ "a": "eks", "b": "pan", "i": 2, "x": 0.7586799647899636, "y": 0.5221511083334797 }
{ "a": "wye", "b": "wye", "i": 3, "x": 0.20460330576630303, "y": 0.33831852551664776 }
{ "a": "eks", "b": "wye", "i": 4, "x": 0.38139939387114097, "y": 0.13418874328430463 }
{ "a": "wye", "b": "pan", "i": 5, "x": 0.5732889198020006, "y": 0.8636244699032729 }
{ "a": "zee", "b": "pan", "i": 6, "x": 0.5271261600918548, "y": 0.49322128674835697 }
{ "a": "eks", "b": "zee", "i": 7, "x": 0.6117840605678454, "y": 0.1878849191181694 }
{ "a": "zee", "b": "wye", "i": 8, "x": 0.5985540091064224, "y": 0.976181385699006 }
{ "a": "hat", "b": "wye", "i": 9, "x": 0.03144187646093577, "y": 0.7495507603507059 }
{ "a": "pan", "b": "wye", "i": 10, "x": 0.5026260055412137, "y": 0.9526183602969864 }

mlr --t2p cat ./reg_test/input/abixy.tsv
a   b   i  x                   y
pan pan 1  0.3467901443380824  0.7268028627434533
eks pan 2  0.7586799647899636  0.5221511083334797
wye wye 3  0.20460330576630303 0.33831852551664776
eks wye 4  0.38139939387114097 0.13418874328430463
wye pan 5  0.5732889198020006  0.8636244699032729
zee pan 6  0.5271261600918548  0.49322128674835697
eks zee 7  0.6117840605678454  0.1878849191181694
zee wye 8  0.5985540091064224  0.976181385699006
hat wye 9  0.03144187646093577 0.7495507603507059
pan wye 10 0.5026260055412137  0.9526183602969864

mlr --t2x cat ./reg_test/input/abixy.tsv
a pan
b pan
i 1
x 0.3467901443380824
y 0.7268028627434533

a eks
b pan
i 2
x 0.7586799647899636
y 0.5221511083334797

a wye
b wye
i 3
x 0.20460330576630303
y 0.33831852551664776

a eks
b wye
i 4
x 0.38139939387114097
y 0.13418874328430463

a wye
b pan
i 5
x 0.5732889198020006
y 0.8636244699032729

a zee
b pan
i 6
x 0.5271261600918548
y 0.49322128674835697

a eks
b zee
i 7
x 0.6117840605678454
y 0.1878849191181694

a zee
b wye
i 8
x 0.5985540091064224
y 0.976181385699006

a hat
b wye
i 9
x 0.03144187646093577
y 0.7495507603507059

a pan
b wye
i 10
x 0.5026260055412137
y 0.9526183602969864

mlr --t2m cat ./reg_test/input/abixy.tsv
| a | b | i | x | y |
| --- | --- | --- | --- | --- |
| pan | pan | 1 | 0.3467901443380824 | 0.7268028627434533 |
| eks | pan | 2 | 0.7586799647899636 | 0.5221511083334797 |
| wye | wye | 3 | 0.20460330576630303 | 0.33831852551664776 |
| eks | wye | 4 | 0.38139939387114097 | 0.13418874328430463 |
| wye | pan | 5 | 0.5732889198020006 | 0.8636244699032729 |
| zee | pan | 6 | 0.5271261600918548 | 0.49322128674835697 |
| eks | zee | 7 | 0.6117840605678454 | 0.1878849191181694 |
| zee | wye | 8 | 0.5985540091064224 | 0.976181385699006 |
| hat | wye | 9 | 0.03144187646093577 | 0.7495507603507059 |
| pan | wye | 10 | 0.5026260055412137 | 0.9526183602969864 |

mlr --n2c cat ./reg_test/input/abixy.nidx
1,2,3,4,5
pan,pan,1,0.3467901443380824,0.7268028627434533
eks,pan,2,0.7586799647899636,0.5221511083334797
wye,wye,3,0.20460330576630303,0.33831852551664776
eks,wye,4,0.38139939387114097,0.13418874328430463
wye,pan,5,0.5732889198020006,0.8636244699032729
zee,pan,6,0.5271261600918548,0.49322128674835697
eks,zee,7,0.6117840605678454,0.1878849191181694
zee,wye,8,0.5985540091064224,0.976181385699006
hat,wye,9,0.03144187646093577,0.7495507603507059
pan,wye,10,0.5026260055412137,0.9526183602969864

mlr --n2t cat ./reg_test/input/abixy.nidx
1	2	3	4	5
pan	pan	1	0.3467901443380824	0.7268028627434533
eks	pan	2	0.7586799647899636	0.5221511083334797
wye	wye	3	0.20460330576630303	0.33831852551664776
eks	wye	4	0.38139939387114097	0.13418874328430463
wye	pan	5	0.5732889198020006	0.8636244699032729
zee	pan	6	0.5271261600918548	0.49322128674835697
eks	zee	7	0.6117840605678454	0.1878849191181694
zee	wye	8	0.5985540091064224	0.976181385699006
hat	wye	9	0.03144187646093577	0.7495507603507059
pan	wye	10	0.5026260055412137	0.9526183602969864

mlr --n2d cat ./reg_test/input/abixy.nidx
1=pan,2=pan,3=1,4=0.3467901443380824,5=0.7268028627434533
1=eks,2=pan,3=2,4=0.7586799647899636,5=0.5221511083334797
1=wye,2=wye,3=3,4=0.20460330576630303,5=0.33831852551664776
1=eks,2=wye,3=4,4=0.38139939387114097,5=0.13418874328430463
1=wye,2=pan,3=5,4=0.5732889198020006,5=0.8636244699032729
1=zee,2=pan,3=6,4=0.5271261600918548,5=0.49322128674835697
1=eks,2=zee,3=7,4=0.6117840605678454,5=0.1878849191181694
1=zee,2=wye,3=8,4=0.5985540091064224,5=0.976181385699006
1=hat,2=wye,3=9,4=0.03144187646093577,5=0.7495507603507059
1=pan,2=wye,3=10,4=0.5026260055412137,5=0.9526183602969864

mlr --n2j cat ./reg_test/input/abixy.nidx
{ "1": "pan", "2": "pan", "3": 1, "4": 0.3467901443380824, "5": 0.7268028627434533 }
{ "1": "eks", "2": "pan", "3": 2, "4": 0.7586799647899636, "5": 0.5221511083334797 }
{ "1": "wye", "2": "wye", "3": 3, "4": 0.20460330576630303, "5": 0.33831852551664776 }
{ "1": "eks", "2": "wye", "3": 4, "4": 0.38139939387114097, "5": 0.13418874328430463 }
{ "1": "wye", "2": "pan", "3": 5, "4": 0.5732889198020006, "5": 0.8636244699032729 }
{ "1": "zee", "2": "pan", "3": 6, "4": 0.5271261600918548, "5": 0.49322128674835697 }
{ "1": "eks", "2": "zee", "3": 7, "4": 0.6117840605678454, "5": 0.1878849191181694 }
{ "1": "zee", "2": "wye", "3": 8, "4": 0.5985540091064224, "5": 0.976181385699006 }
{ "1": "hat", "2": "wye", "3": 9, "4": 0.03144187646093577, "5": 0.7495507603507059 }
{ "1": "pan", "2": "wye", "3": 10, "4": 0.5026260055412137, "5": 0.9526183602969864 }

mlr --n2p cat ./reg_test/input/abixy.nidx
1   2   3  4                   5
pan pan 1  0.3467901443380824  0.7268028627434533
eks pan 2  0.7586799647899636  0.5221511083334797
wye wye 3  0.20460330576630303 0.33831852551664776
eks wye 4  0.38139939387114097 0.13418874328430463
wye pan 5  0.5732889198020006  0.8636244699032729
zee pan 6  0.5271261600918548  0.49322128674835697
eks zee 7  0.6117840605678454  0.1878849191181694
zee wye 8  0.5985540091064224  0.976181385699006
hat wye 9  0.03144187646093577 0.7495507603507059
pan wye 10 0.5026260055412137  0.9526183602969864

mlr --n2x cat ./reg_test/input/abixy.nidx
1 pan
2 pan
3 1
4 0.3467901443380824
5 0.7268028627434533

1 eks
2 pan
3 2
4 0.7586799647899636
5 0.5221511083334797

1 wye
2 wye
3 3
4 0.20460330576630303
5 0.33831852551664776

1 eks
2 wye
3 4
4 0.38139939387114097
5 0.13418874328430463

1 wye
2 pan
3 5
4 0.5732889198020006
5 0.8636244699032729

1 zee
2 pan
3 6
4 0.5271261600918548
5 0.49322128674835697

1 eks
2 zee
3 7
4 0.6117840605678454
5 0.1878849191181694

1 zee
2 wye
3 8
4 0.5985540091064224
5 0.976181385699006

1 hat
2 wye
3 9
4 0.03144187646093577
5 0.7495507603507059

1 pan
2 wye
3 10
4 0.5026260055412137
5 0.9526183602969864

mlr --n2m cat ./reg_test/input/abixy.nidx
| 1 | 2 | 3 | 4 | 5 |
| --- | --- | --- | --- | --- |
| pan | pan | 1 | 0.3467901443380824 | 0.7268028627434533 |
| eks | pan | 2 | 0.7586799647899636 | 0.5221511083334797 |
| wye | wye | 3 | 0.20460330576630303 | 0.33831852551664776 |
| eks | wye | 4 | 0.38139939387114097 | 0.13418874328430463 |
| wye | pan | 5 | 0.5732889198020006 | 0.8636244699032729 |
| zee | pan | 6 | 0.5271261600918548 | 0.49322128674835697 |
| eks | zee | 7 | 0.6117840605678454 | 0.1878849191181694 |
| zee | wye | 8 | 0.5985540091064224 | 0.976181385699006 |
| hat | wye | 9 | 0.03144187646093577 | 0.7495507603507059 |
| pan | wye | 10 | 0.5026260055412137 | 0.9526183602969864 |

mlr --j2c cat ./reg_test/input/abixy.json
a,b,i,x,y
pan,pan,1,0.3467901443380824,0.7268028627434533
eks,pan,2,0.7586799647899636,0.5221511083334797
wye,wye,3,0.20460330576630303,0.33831852551664776
eks,wye,4,0.38139939387114097,0.13418874328430463
wye,pan,5,0.5732889198020006,0.8636244699032729
zee,pan,6,0.5271261600918548,0.49322128674835697
eks,zee,7,0.6117840605678454,0.1878849191181694
zee,wye,8,0.5985540091064224,0.976181385699006
hat,wye,9,0.03144187646093577,0.7495507603507059
pan,wye,10,0.5026260055412137,0.9526183602969864

mlr --j2t cat ./reg_test/input/abixy.json
a	b	i	x	y
pan	pan	1	0.3467901443380824	0.7268028627434533
eks	pan	2	0.7586799647899636	0.5221511083334797
wye	wye	3	0.20460330576630303	0.33831852551664776
eks	wye	4	0.38139939387114097	0.13418874328430463
wye	pan	5	0.5732889198020006	0.8636244699032729
zee	pan	6	0.5271261600918548	0.49322128674835697
eks	zee	7	0.6117840605678454	0.1878849191181694
zee	wye	8	0.5985540091064224	0.976181385699006
hat	wye	9	0.03144187646093577	0.7495507603507059
pan	wye	10	0.5026260055412137	0.9526183602969864

mlr --j2d cat ./reg_test/input/abixy.json
a=pan,b=pan,i=1,x=0.3467901443380824,y=0.7268028627434533
a=eks,b=pan,i=2,x=0.7586799647899636,y=0.5221511083334797
a=wye,b=wye,i=3,x=0.20460330576630303,y=0.33831852551664776
a=eks,b=wye,i=4,x=0.38139939387114097,y=0.13418874328430463
a=wye,b=pan,i=5,x=0.5732889198020006,y=0.8636244699032729
a=zee,b=pan,i=6,x=0.5271261600918548,y=0.49322128674835697
a=eks,b=zee,i=7,x=0.6117840605678454,y=0.1878849191181694
a=zee,b=wye,i=8,x=0.5985540091064224,y=0.976181385699006
a=hat,b=wye,i=9,x=0.03144187646093577,y=0.7495507603507059
a=pan,b=wye,i=10,x=0.5026260055412137,y=0.9526183602969864

mlr --j2n cat ./reg_test/input/abixy.json
pan pan 1 0.3467901443380824 0.7268028627434533
eks pan 2 0.7586799647899636 0.5221511083334797
wye wye 3 0.20460330576630303 0.33831852551664776
eks wye 4 0.38139939387114097 0.13418874328430463
wye pan 5 0.5732889198020006 0.8636244699032729
zee pan 6 0.5271261600918548 0.49322128674835697
eks zee 7 0.6117840605678454 0.1878849191181694
zee wye 8 0.5985540091064224 0.976181385699006
hat wye 9 0.03144187646093577 0.7495507603507059
pan wye 10 0.5026260055412137 0.9526183602969864

mlr --j2p cat ./reg_test/input/abixy.json
a   b   i  x                   y
pan pan 1  0.3467901443380824  0.7268028627434533
eks pan 2  0.7586799647899636  0.5221511083334797
wye wye 3  0.20460330576630303 0.33831852551664776
eks wye 4  0.38139939387114097 0.13418874328430463
wye pan 5  0.5732889198020006  0.8636244699032729
zee pan 6  0.5271261600918548  0.49322128674835697
eks zee 7  0.6117840605678454  0.1878849191181694
zee wye 8  0.5985540091064224  0.976181385699006
hat wye 9  0.03144187646093577 0.7495507603507059
pan wye 10 0.5026260055412137  0.9526183602969864

mlr --j2x cat ./reg_test/input/abixy.json
a pan
b pan
i 1
x 0.3467901443380824
y 0.7268028627434533

a eks
b pan
i 2
x 0.7586799647899636
y 0.5221511083334797

a wye
b wye
i 3
x 0.20460330576630303
y 0.33831852551664776

a eks
b wye
i 4
x 0.38139939387114097
y 0.13418874328430463

a wye
b pan
i 5
x 0.5732889198020006
y 0.8636244699032729

a zee
b pan
i 6
x 0.5271261600918548
y 0.49322128674835697

a eks
b zee
i 7
x 0.6117840605678454
y 0.1878849191181694

a zee
b wye
i 8
x 0.5985540091064224
y 0.976181385699006

a hat
b wye
i 9
x 0.03144187646093577
y 0.7495507603507059

a pan
b wye
i 10
x 0.5026260055412137
y 0.9526183602969864

mlr --j2m cat ./reg_test/input/abixy.json
| a | b | i | x | y |
| --- | --- | --- | --- | --- |
| pan | pan | 1 | 0.3467901443380824 | 0.7268028627434533 |
| eks | pan | 2 | 0.7586799647899636 | 0.5221511083334797 |
| wye | wye | 3 | 0.20460330576630303 | 0.33831852551664776 |
| eks | wye | 4 | 0.38139939387114097 | 0.13418874328430463 |
| wye | pan | 5 | 0.5732889198020006 | 0.8636244699032729 |
| zee | pan | 6 | 0.5271261600918548 | 0.49322128674835697 |
| eks | zee | 7 | 0.6117840605678454 | 0.1878849191181694 |
| zee | wye | 8 | 0.5985540091064224 | 0.976181385699006 |
| hat | wye | 9 | 0.03144187646093577 | 0.7495507603507059 |
| pan | wye | 10 | 0.5026260055412137 | 0.9526183602969864 |

mlr --p2c cat ./reg_test/input/abixy.pprint
a,b,i,x,y
pan,pan,1,0.3467901443380824,0.7268028627434533
eks,pan,2,0.7586799647899636,0.5221511083334797
wye,wye,3,0.20460330576630303,0.33831852551664776
eks,wye,4,0.38139939387114097,0.13418874328430463
wye,pan,5,0.5732889198020006,0.8636244699032729
zee,pan,6,0.5271261600918548,0.49322128674835697
eks,zee,7,0.6117840605678454,0.1878849191181694
zee,wye,8,0.5985540091064224,0.976181385699006
hat,wye,9,0.03144187646093577,0.7495507603507059
pan,wye,10,0.5026260055412137,0.9526183602969864

mlr --p2t cat ./reg_test/input/abixy.pprint
a	b	i	x	y
pan	pan	1	0.3467901443380824	0.7268028627434533
eks	pan	2	0.7586799647899636	0.5221511083334797
wye	wye	3	0.20460330576630303	0.33831852551664776
eks	wye	4	0.38139939387114097	0.13418874328430463
wye	pan	5	0.5732889198020006	0.8636244699032729
zee	pan	6	0.5271261600918548	0.49322128674835697
eks	zee	7	0.6117840605678454	0.1878849191181694
zee	wye	8	0.5985540091064224	0.976181385699006
hat	wye	9	0.03144187646093577	0.7495507603507059
pan	wye	10	0.5026260055412137	0.9526183602969864

mlr --p2d cat ./reg_test/input/abixy.pprint
a=pan,b=pan,i=1,x=0.3467901443380824,y=0.7268028627434533
a=eks,b=pan,i=2,x=0.7586799647899636,y=0.5221511083334797
a=wye,b=wye,i=3,x=0.20460330576630303,y=0.33831852551664776
a=eks,b=wye,i=4,x=0.38139939387114097,y=0.13418874328430463
a=wye,b=pan,i=5,x=0.5732889198020006,y=0.8636244699032729
a=zee,b=pan,i=6,x=0.5271261600918548,y=0.49322128674835697
a=eks,b=zee,i=7,x=0.6117840605678454,y=0.1878849191181694
a=zee,b=wye,i=8,x=0.5985540091064224,y=0.976181385699006
a=hat,b=wye,i=9,x=0.03144187646093577,y=0.7495507603507059
a=pan,b=wye,i=10,x=0.5026260055412137,y=0.9526183602969864

mlr --p2n cat ./reg_test/input/abixy.pprint
pan pan 1 0.3467901443380824 0.7268028627434533
eks pan 2 0.7586799647899636 0.5221511083334797
wye wye 3 0.20460330576630303 0.33831852551664776
eks wye 4 0.38139939387114097 0.13418874328430463
wye pan 5 0.5732889198020006 0.8636244699032729
zee pan 6 0.5271261600918548 0.49322128674835697
eks zee 7 0.6117840605678454 0.1878849191181694
zee wye 8 0.5985540091064224 0.976181385699006
hat wye 9 0.03144187646093577 0.7495507603507059
pan wye 10 0.5026260055412137 0.9526183602969864

mlr --p2j cat ./reg_test/input/abixy.pprint
{ "a": "pan", "b": "pan", "i": 1, "x": 0.3467901443380824, "y": 0.7268028627434533 }
{ "a": "eks", "b": "pan", "i": 2, "x": 0.7586799647899636, "y": 0.5221511083334797 }
{ "a": "wye", "b": "wye", "i": 3, "x": 0.20460330576630303, "y": 0.33831852551664776 }
{ "a": "eks", "b": "wye", "i": 4, "x": 0.38139939387114097, "y": 0.13418874328430463 }
{ "a": "wye", "b": "pan", "i": 5, "x": 0.5732889198020006, "y": 0.8636244699032729 }
{ "a": "zee", "b": "pan", "i": 6, "x": 0.5271261600918548, "y": 0.49322128674835697 }
{ "a": "eks", "b": "zee", "i": 7, "x": 0.6117840605678454, "y": 0.1878849191181694 }
{ "a": "zee", "b": "wye", "i": 8, "x": 0.5985540091064224, "y": 0.976181385699006 }
{ "a": "hat", "b": "wye", "i": 9, "x": 0.03144187646093577, "y": 0.7495507603507059 }
{ "a": "pan", "b": "wye", "i": 10, "x": 0.5026260055412137, "y": 0.9526183602969864 }

mlr --p2x cat ./reg_test/input/abixy.pprint
a pan
b pan
i 1
x 0.3467901443380824
y 0.7268028627434533

a eks
b pan
i 2
x 0.7586799647899636
y 0.5221511083334797

a wye
b wye
i 3
x 0.20460330576630303
y 0.33831852551664776

a eks
b wye
i 4
x 0.38139939387114097
y 0.13418874328430463

a wye
b pan
i 5
x 0.5732889198020006
y 0.8636244699032729

a zee
b pan
i 6
x 0.5271261600918548
y 0.49322128674835697

a eks
b zee
i 7
x 0.6117840605678454
y 0.1878849191181694

a zee
b wye
i 8
x 0.5985540091064224
y 0.976181385699006

a hat
b wye
i 9
x 0.03144187646093577
y 0.7495507603507059

a pan
b wye
i 10
x 0.5026260055412137
y 0.9526183602969864

mlr --p2m cat ./reg_test/input/abixy.pprint
| a | b | i | x | y |
| --- | --- | --- | --- | --- |
| pan | pan | 1 | 0.3467901443380824 | 0.7268028627434533 |
| eks | pan | 2 | 0.7586799647899636 | 0.5221511083334797 |
| wye | wye | 3 | 0.20460330576630303 | 0.33831852551664776 |
| eks | wye | 4 | 0.38139939387114097 | 0.13418874328430463 |
| wye | pan | 5 | 0.5732889198020006 | 0.8636244699032729 |
| zee | pan | 6 | 0.5271261600918548 | 0.49322128674835697 |
| eks | zee | 7 | 0.6117840605678454 | 0.1878849191181694 |
| zee | wye | 8 | 0.5985540091064224 | 0.976181385699006 |
| hat | wye | 9 | 0.03144187646093577 | 0.7495507603507059 |
| pan | wye | 10 | 0.5026260055412137 | 0.9526183602969864 |

mlr --x2c cat ./reg_test/input/abixy.xtab
a,b,i,x,y
pan,pan,1,0.3467901443380824,0.7268028627434533
eks,pan,2,0.7586799647899636,0.5221511083334797
wye,wye,3,0.20460330576630303,0.33831852551664776
eks,wye,4,0.38139939387114097,0.13418874328430463
wye,pan,5,0.5732889198020006,0.8636244699032729
zee,pan,6,0.5271261600918548,0.49322128674835697
eks,zee,7,0.6117840605678454,0.1878849191181694
zee,wye,8,0.5985540091064224,0.976181385699006
hat,wye,9,0.03144187646093577,0.7495507603507059
pan,wye,10,0.5026260055412137,0.9526183602969864

mlr --x2t cat ./reg_test/input/abixy.xtab
a	b	i	x	y
pan	pan	1	0.3467901443380824	0.7268028627434533
eks	pan	2	0.7586799647899636	0.5221511083334797
wye	wye	3	0.20460330576630303	0.33831852551664776
eks	wye	4	0.38139939387114097	0.13418874328430463
wye	pan	5	0.5732889198020006	0.8636244699032729
zee	pan	6	0.5271261600918548	0.49322128674835697
eks	zee	7	0.6117840605678454	0.1878849191181694
zee	wye	8	0.5985540091064224	0.976181385699006
hat	wye	9	0.03144187646093577	0.7495507603507059
pan	wye	10	0.5026260055412137	0.9526183602969864

mlr --x2d cat ./reg_test/input/abixy.xtab
a=pan,b=pan,i=1,x=0.3467901443380824,y=0.7268028627434533
a=eks,b=pan,i=2,x=0.7586799647899636,y=0.5221511083334797
a=wye,b=wye,i=3,x=0.20460330576630303,y=0.33831852551664776
a=eks,b=wye,i=4,x=0.38139939387114097,y=0.13418874328430463
a=wye,b=pan,i=5,x=0.5732889198020006,y=0.8636244699032729
a=zee,b=pan,i=6,x=0.5271261600918548,y=0.49322128674835697
a=eks,b=zee,i=7,x=0.6117840605678454,y=0.1878849191181694
a=zee,b=wye,i=8,x=0.5985540091064224,y=0.976181385699006
a=hat,b=wye,i=9,x=0.03144187646093577,y=0.7495507603507059
a=pan,b=wye,i=10,x=0.5026260055412137,y=0.9526183602969864

mlr --x2n cat ./reg_test/input/abixy.xtab
pan pan 1 0.3467901443380824 0.7268028627434533
eks pan 2 0.7586799647899636 0.5221511083334797
wye wye 3 0.20460330576630303 0.33831852551664776
eks wye 4 0.38139939387114097 0.13418874328430463
wye pan 5 0.5732889198020006 0.8636244699032729
zee pan 6 0.5271261600918548 0.49322128674835697
eks zee 7 0.6117840605678454 0.1878849191181694
zee wye 8 0.5985540091064224 0.976181385699006
hat wye 9 0.03144187646093577 0.7495507603507059
pan wye 10 0.5026260055412137 0.9526183602969864

mlr --x2j cat ./reg_test/input/abixy.xtab
{ "a": "pan", "b": "pan", "i": 1, "x": 0.3467901443380824, "y": 0.7268028627434533 }
{ "a": "eks", "b": "pan", "i": 2, "x": 0.7586799647899636, "y": 0.5221511083334797 }
{ "a": "wye", "b": "wye", "i": 3, "x": 0.20460330576630303, "y": 0.33831852551664776 }
{ "a": "eks", "b": "wye", "i": 4, "x": 0.38139939387114097, "y": 0.13418874328430463 }
{ "a": "wye", "b": "pan", "i": 5, "x": 0.5732889198020006, "y": 0.8636244699032729 }
{ "a": "zee", "b": "pan", "i": 6, "x": 0.5271261600918548, "y": 0.49322128674835697 }
{ "a": "eks", "b": "zee", "i": 7, "x": 0.6117840605678454, "y": 0.1878849191181694 }
{ "a": "zee", "b": "wye", "i": 8, "x": 0.5985540091064224, "y": 0.976181385699006 }
{ "a": "hat", "b": "wye", "i": 9, "x": 0.03144187646093577, "y": 0.7495507603507059 }
{ "a": "pan", "b": "wye", "i": 10, "x": 0.5026260055412137, "y": 0.9526183602969864 }

mlr --x2p cat ./reg_test/input/abixy.xtab
a   b   i  x                   y
pan pan 1  0.3467901443380824  0.7268028627434533
eks pan 2  0.7586799647899636  0.5221511083334797
wye wye 3  0.20460330576630303 0.33831852551664776
eks wye 4  0.38139939387114097 0.13418874328430463
wye pan 5  0.5732889198020006  0.8636244699032729
zee pan 6  0.5271261600918548  0.49322128674835697
eks zee 7  0.6117840605678454  0.1878849191181694
zee wye 8  0.5985540091064224  0.976181385699006
hat wye 9  0.03144187646093577 0.7495507603507059
pan wye 10 0.5026260055412137  0.9526183602969864

mlr --x2m cat ./reg_test/input/abixy.xtab
| a | b | i | x | y |
| --- | --- | --- | --- | --- |
| pan | pan | 1 | 0.3467901443380824 | 0.7268028627434533 |
| eks | pan | 2 | 0.7586799647899636 | 0.5221511083334797 |
| wye | wye | 3 | 0.20460330576630303 | 0.33831852551664776 |
| eks | wye | 4 | 0.38139939387114097 | 0.13418874328430463 |
| wye | pan | 5 | 0.5732889198020006 | 0.8636244699032729 |
| zee | pan | 6 | 0.5271261600918548 | 0.49322128674835697 |
| eks | zee | 7 | 0.6117840605678454 | 0.1878849191181694 |
| zee | wye | 8 | 0.5985540091064224 | 0.976181385699006 |
| hat | wye | 9 | 0.03144187646093577 | 0.7495507603507059 |
| pan | wye | 10 | 0.5026260055412137 | 0.9526183602969864 |

