
mlr --csv fill-down -f a,b,c ./reg_test/input/fill-down.csv
a,b,c
1,,3
4,5,6
7,5,9

mlr --csv fill-down -f a,b,c -a ./reg_test/input/fill-down.csv
a,b,c
1,,3
4,5,6
7,,9

